{(1 + a)^2, (2 + a)^2, 1 + a, 2 + a, 3 + a, 4 + a, -1 + a, -2 + a, 
  2 + 2*a + a^2, 4 + 2*a + a^2, -2 + 2*a + a^2, 2 + a^2, 4 + 3*a + a^2, 
  2 + 4*a + a^2, 6 + 4*a + a^2, 2 + a + a^2, -2 + a^2, a^2, 
  4 + 4*a + 2*a^2 + a^3, -4 + 2*a^2 + a^3, 4 + 4*a + 4*a^2 + a^3, 
  4 + 8*a + 4*a^2 + a^3, a}[[1 + indexpairs]]
{(1 + a)^2, (2 + a)^2, 1 + a, 2 + a, 3 + a, 4 + a, -1 + a, -2 + a, 
  2 + 2*a + a^2, 4 + 2*a + a^2, -2 + 2*a + a^2, 2 + a^2, 4 + 3*a + a^2, 
  2 + 4*a + a^2, 6 + 4*a + a^2, 2 + a + a^2, -2 + a^2, a^2, 
  4 + 4*a + 2*a^2 + a^3, -4 + 2*a^2 + a^3, 4 + 4*a + 4*a^2 + a^3, 
  4 + 8*a + 4*a^2 + a^3, a}[[3540002]]
{(1 + a)^2, (2 + a)^2, 1 + a, 2 + a, 3 + a, 4 + a, -1 + a, -2 + a, 
  2 + 2*a + a^2, 4 + 2*a + a^2, -2 + 2*a + a^2, 2 + a^2, 4 + 3*a + a^2, 
  2 + 4*a + a^2, 6 + 4*a + a^2, 2 + a + a^2, -2 + a^2, a^2, 
  4 + 4*a + 2*a^2 + a^3, -4 + 2*a^2 + a^3, 4 + 4*a + 4*a^2 + a^3, 
  4 + 8*a + 4*a^2 + a^3, a}[[1 + indexpairs]]
{(1 + a)^2, (2 + a)^2, 1 + a, 2 + a, 3 + a, 4 + a, -1 + a, -2 + a, 
  2 + 2*a + a^2, 4 + 2*a + a^2, -2 + 2*a + a^2, 2 + a^2, 4 + 3*a + a^2, 
  2 + 4*a + a^2, 6 + 4*a + a^2, 2 + a + a^2, -2 + a^2, a^2, 
  4 + 4*a + 2*a^2 + a^3, -4 + 2*a^2 + a^3, 4 + 4*a + 4*a^2 + a^3, 
  4 + 8*a + 4*a^2 + a^3, a}[[3540003]]
{(1 + a)^2, (2 + a)^2, 1 + a, 2 + a, 3 + a, 4 + a, -1 + a, -2 + a, 
  2 + 2*a + a^2, 4 + 2*a + a^2, -2 + 2*a + a^2, 2 + a^2, 4 + 3*a + a^2, 
  2 + 4*a + a^2, 6 + 4*a + a^2, 2 + a + a^2, -2 + a^2, a^2, 
  4 + 4*a + 2*a^2 + a^3, -4 + 2*a^2 + a^3, 4 + 4*a + 4*a^2 + a^3, 
  4 + 8*a + 4*a^2 + a^3, a}[[1 + indexpairs]]
{(1 + a)^2, (2 + a)^2, 1 + a, 2 + a, 3 + a, 4 + a, -1 + a, -2 + a, 
  2 + 2*a + a^2, 4 + 2*a + a^2, -2 + 2*a + a^2, 2 + a^2, 4 + 3*a + a^2, 
  2 + 4*a + a^2, 6 + 4*a + a^2, 2 + a + a^2, -2 + a^2, a^2, 
  4 + 4*a + 2*a^2 + a^3, -4 + 2*a^2 + a^3, 4 + 4*a + 4*a^2 + a^3, 
  4 + 8*a + 4*a^2 + a^3, a}[[3540004]]
{(1 + a)^2, (2 + a)^2, 1 + a, 2 + a, 3 + a, 4 + a, -1 + a, -2 + a, 
  2 + 2*a + a^2, 4 + 2*a + a^2, -2 + 2*a + a^2, 2 + a^2, 4 + 3*a + a^2, 
  2 + 4*a + a^2, 6 + 4*a + a^2, 2 + a + a^2, -2 + a^2, a^2, 
  4 + 4*a + 2*a^2 + a^3, -4 + 2*a^2 + a^3, 4 + 4*a + 4*a^2 + a^3, 
  4 + 8*a + 4*a^2 + a^3, a}[[1 + indexpairs]]
{(1 + a)^2, (2 + a)^2, 1 + a, 2 + a, 3 + a, 4 + a, -1 + a, -2 + a, 
  2 + 2*a + a^2, 4 + 2*a + a^2, -2 + 2*a + a^2, 2 + a^2, 4 + 3*a + a^2, 
  2 + 4*a + a^2, 6 + 4*a + a^2, 2 + a + a^2, -2 + a^2, a^2, 
  4 + 4*a + 2*a^2 + a^3, -4 + 2*a^2 + a^3, 4 + 4*a + 4*a^2 + a^3, 
  4 + 8*a + 4*a^2 + a^3, a}[[3540005]]
{(1 + a)^2, (2 + a)^2, 1 + a, 2 + a, 3 + a, 4 + a, -1 + a, -2 + a, 
  2 + 2*a + a^2, 4 + 2*a + a^2, -2 + 2*a + a^2, 2 + a^2, 4 + 3*a + a^2, 
  2 + 4*a + a^2, 6 + 4*a + a^2, 2 + a + a^2, -2 + a^2, a^2, 
  4 + 4*a + 2*a^2 + a^3, -4 + 2*a^2 + a^3, 4 + 4*a + 4*a^2 + a^3, 
  4 + 8*a + 4*a^2 + a^3, a}[[1 + indexpairs]]
{(1 + a)^2, (2 + a)^2, 1 + a, 2 + a, 3 + a, 4 + a, -1 + a, -2 + a, 
  2 + 2*a + a^2, 4 + 2*a + a^2, -2 + 2*a + a^2, 2 + a^2, 4 + 3*a + a^2, 
  2 + 4*a + a^2, 6 + 4*a + a^2, 2 + a + a^2, -2 + a^2, a^2, 
  4 + 4*a + 2*a^2 + a^3, -4 + 2*a^2 + a^3, 4 + 4*a + 4*a^2 + a^3, 
  4 + 8*a + 4*a^2 + a^3, a}[[3540006]]
{(1 + a)^2, (2 + a)^2, 1 + a, 2 + a, 3 + a, 4 + a, -1 + a, -2 + a, 
  2 + 2*a + a^2, 4 + 2*a + a^2, -2 + 2*a + a^2, 2 + a^2, 4 + 3*a + a^2, 
  2 + 4*a + a^2, 6 + 4*a + a^2, 2 + a + a^2, -2 + a^2, a^2, 
  4 + 4*a + 2*a^2 + a^3, -4 + 2*a^2 + a^3, 4 + 4*a + 4*a^2 + a^3, 
  4 + 8*a + 4*a^2 + a^3, a}[[1 + indexpairs]]
{(1 + a)^2, (2 + a)^2, 1 + a, 2 + a, 3 + a, 4 + a, -1 + a, -2 + a, 
  2 + 2*a + a^2, 4 + 2*a + a^2, -2 + 2*a + a^2, 2 + a^2, 4 + 3*a + a^2, 
  2 + 4*a + a^2, 6 + 4*a + a^2, 2 + a + a^2, -2 + a^2, a^2, 
  4 + 4*a + 2*a^2 + a^3, -4 + 2*a^2 + a^3, 4 + 4*a + 4*a^2 + a^3, 
  4 + 8*a + 4*a^2 + a^3, a}[[3540007]]
{(1 + a)^2, (2 + a)^2, 1 + a, 2 + a, 3 + a, 4 + a, -1 + a, -2 + a, 
  2 + 2*a + a^2, 4 + 2*a + a^2, -2 + 2*a + a^2, 2 + a^2, 4 + 3*a + a^2, 
  2 + 4*a + a^2, 6 + 4*a + a^2, 2 + a + a^2, -2 + a^2, a^2, 
  4 + 4*a + 2*a^2 + a^3, -4 + 2*a^2 + a^3, 4 + 4*a + 4*a^2 + a^3, 
  4 + 8*a + 4*a^2 + a^3, a}[[1 + indexpairs]]
{(1 + a)^2, (2 + a)^2, 1 + a, 2 + a, 3 + a, 4 + a, -1 + a, -2 + a, 
  2 + 2*a + a^2, 4 + 2*a + a^2, -2 + 2*a + a^2, 2 + a^2, 4 + 3*a + a^2, 
  2 + 4*a + a^2, 6 + 4*a + a^2, 2 + a + a^2, -2 + a^2, a^2, 
  4 + 4*a + 2*a^2 + a^3, -4 + 2*a^2 + a^3, 4 + 4*a + 4*a^2 + a^3, 
  4 + 8*a + 4*a^2 + a^3, a}[[3540008]]
{(1 + a)^2, (2 + a)^2, 1 + a, 2 + a, 3 + a, 4 + a, -1 + a, -2 + a, 
  2 + 2*a + a^2, 4 + 2*a + a^2, -2 + 2*a + a^2, 2 + a^2, 4 + 3*a + a^2, 
  2 + 4*a + a^2, 6 + 4*a + a^2, 2 + a + a^2, -2 + a^2, a^2, 
  4 + 4*a + 2*a^2 + a^3, -4 + 2*a^2 + a^3, 4 + 4*a + 4*a^2 + a^3, 
  4 + 8*a + 4*a^2 + a^3, a}[[1 + indexpairs]]
{(1 + a)^2, (2 + a)^2, 1 + a, 2 + a, 3 + a, 4 + a, -1 + a, -2 + a, 
  2 + 2*a + a^2, 4 + 2*a + a^2, -2 + 2*a + a^2, 2 + a^2, 4 + 3*a + a^2, 
  2 + 4*a + a^2, 6 + 4*a + a^2, 2 + a + a^2, -2 + a^2, a^2, 
  4 + 4*a + 2*a^2 + a^3, -4 + 2*a^2 + a^3, 4 + 4*a + 4*a^2 + a^3, 
  4 + 8*a + 4*a^2 + a^3, a}[[3540009]]
{(1 + a)^2, (2 + a)^2, 1 + a, 2 + a, 3 + a, 4 + a, -1 + a, -2 + a, 
  2 + 2*a + a^2, 4 + 2*a + a^2, -2 + 2*a + a^2, 2 + a^2, 4 + 3*a + a^2, 
  2 + 4*a + a^2, 6 + 4*a + a^2, 2 + a + a^2, -2 + a^2, a^2, 
  4 + 4*a + 2*a^2 + a^3, -4 + 2*a^2 + a^3, 4 + 4*a + 4*a^2 + a^3, 
  4 + 8*a + 4*a^2 + a^3, a}[[1 + indexpairs]]
{(1 + a)^2, (2 + a)^2, 1 + a, 2 + a, 3 + a, 4 + a, -1 + a, -2 + a, 
  2 + 2*a + a^2, 4 + 2*a + a^2, -2 + 2*a + a^2, 2 + a^2, 4 + 3*a + a^2, 
  2 + 4*a + a^2, 6 + 4*a + a^2, 2 + a + a^2, -2 + a^2, a^2, 
  4 + 4*a + 2*a^2 + a^3, -4 + 2*a^2 + a^3, 4 + 4*a + 4*a^2 + a^3, 
  4 + 8*a + 4*a^2 + a^3, a}[[3540010]]
{(1 + a)^2, (2 + a)^2, 1 + a, 2 + a, 3 + a, 4 + a, -1 + a, -2 + a, 
  2 + 2*a + a^2, 4 + 2*a + a^2, -2 + 2*a + a^2, 2 + a^2, 4 + 3*a + a^2, 
  2 + 4*a + a^2, 6 + 4*a + a^2, 2 + a + a^2, -2 + a^2, a^2, 
  4 + 4*a + 2*a^2 + a^3, -4 + 2*a^2 + a^3, 4 + 4*a + 4*a^2 + a^3, 
  4 + 8*a + 4*a^2 + a^3, a}[[1 + indexpairs]]
{(1 + a)^2, (2 + a)^2, 1 + a, 2 + a, 3 + a, 4 + a, -1 + a, -2 + a, 
  2 + 2*a + a^2, 4 + 2*a + a^2, -2 + 2*a + a^2, 2 + a^2, 4 + 3*a + a^2, 
  2 + 4*a + a^2, 6 + 4*a + a^2, 2 + a + a^2, -2 + a^2, a^2, 
  4 + 4*a + 2*a^2 + a^3, -4 + 2*a^2 + a^3, 4 + 4*a + 4*a^2 + a^3, 
  4 + 8*a + 4*a^2 + a^3, a}[[3540011]]
{(1 + a)^2, (2 + a)^2, 1 + a, 2 + a, 3 + a, 4 + a, -1 + a, -2 + a, 
  2 + 2*a + a^2, 4 + 2*a + a^2, -2 + 2*a + a^2, 2 + a^2, 4 + 3*a + a^2, 
  2 + 4*a + a^2, 6 + 4*a + a^2, 2 + a + a^2, -2 + a^2, a^2, 
  4 + 4*a + 2*a^2 + a^3, -4 + 2*a^2 + a^3, 4 + 4*a + 4*a^2 + a^3, 
  4 + 8*a + 4*a^2 + a^3, a}[[1 + indexpairs]]
{(1 + a)^2, (2 + a)^2, 1 + a, 2 + a, 3 + a, 4 + a, -1 + a, -2 + a, 
  2 + 2*a + a^2, 4 + 2*a + a^2, -2 + 2*a + a^2, 2 + a^2, 4 + 3*a + a^2, 
  2 + 4*a + a^2, 6 + 4*a + a^2, 2 + a + a^2, -2 + a^2, a^2, 
  4 + 4*a + 2*a^2 + a^3, -4 + 2*a^2 + a^3, 4 + 4*a + 4*a^2 + a^3, 
  4 + 8*a + 4*a^2 + a^3, a}[[3540012]]
{(1 + a)^2, (2 + a)^2, 1 + a, 2 + a, 3 + a, 4 + a, -1 + a, -2 + a, 
  2 + 2*a + a^2, 4 + 2*a + a^2, -2 + 2*a + a^2, 2 + a^2, 4 + 3*a + a^2, 
  2 + 4*a + a^2, 6 + 4*a + a^2, 2 + a + a^2, -2 + a^2, a^2, 
  4 + 4*a + 2*a^2 + a^3, -4 + 2*a^2 + a^3, 4 + 4*a + 4*a^2 + a^3, 
  4 + 8*a + 4*a^2 + a^3, a}[[1 + indexpairs]]
{(1 + a)^2, (2 + a)^2, 1 + a, 2 + a, 3 + a, 4 + a, -1 + a, -2 + a, 
  2 + 2*a + a^2, 4 + 2*a + a^2, -2 + 2*a + a^2, 2 + a^2, 4 + 3*a + a^2, 
  2 + 4*a + a^2, 6 + 4*a + a^2, 2 + a + a^2, -2 + a^2, a^2, 
  4 + 4*a + 2*a^2 + a^3, -4 + 2*a^2 + a^3, 4 + 4*a + 4*a^2 + a^3, 
  4 + 8*a + 4*a^2 + a^3, a}[[3540013]]
{(1 + a)^2, (2 + a)^2, 1 + a, 2 + a, 3 + a, 4 + a, -1 + a, -2 + a, 
  2 + 2*a + a^2, 4 + 2*a + a^2, -2 + 2*a + a^2, 2 + a^2, 4 + 3*a + a^2, 
  2 + 4*a + a^2, 6 + 4*a + a^2, 2 + a + a^2, -2 + a^2, a^2, 
  4 + 4*a + 2*a^2 + a^3, -4 + 2*a^2 + a^3, 4 + 4*a + 4*a^2 + a^3, 
  4 + 8*a + 4*a^2 + a^3, a}[[1 + indexpairs]]
{(1 + a)^2, (2 + a)^2, 1 + a, 2 + a, 3 + a, 4 + a, -1 + a, -2 + a, 
  2 + 2*a + a^2, 4 + 2*a + a^2, -2 + 2*a + a^2, 2 + a^2, 4 + 3*a + a^2, 
  2 + 4*a + a^2, 6 + 4*a + a^2, 2 + a + a^2, -2 + a^2, a^2, 
  4 + 4*a + 2*a^2 + a^3, -4 + 2*a^2 + a^3, 4 + 4*a + 4*a^2 + a^3, 
  4 + 8*a + 4*a^2 + a^3, a}[[3540014]]
{(1 + a)^2, (2 + a)^2, 1 + a, 2 + a, 3 + a, 4 + a, -1 + a, -2 + a, 
  2 + 2*a + a^2, 4 + 2*a + a^2, -2 + 2*a + a^2, 2 + a^2, 4 + 3*a + a^2, 
  2 + 4*a + a^2, 6 + 4*a + a^2, 2 + a + a^2, -2 + a^2, a^2, 
  4 + 4*a + 2*a^2 + a^3, -4 + 2*a^2 + a^3, 4 + 4*a + 4*a^2 + a^3, 
  4 + 8*a + 4*a^2 + a^3, a}[[1 + indexpairs]]
{(1 + a)^2, (2 + a)^2, 1 + a, 2 + a, 3 + a, 4 + a, -1 + a, -2 + a, 
  2 + 2*a + a^2, 4 + 2*a + a^2, -2 + 2*a + a^2, 2 + a^2, 4 + 3*a + a^2, 
  2 + 4*a + a^2, 6 + 4*a + a^2, 2 + a + a^2, -2 + a^2, a^2, 
  4 + 4*a + 2*a^2 + a^3, -4 + 2*a^2 + a^3, 4 + 4*a + 4*a^2 + a^3, 
  4 + 8*a + 4*a^2 + a^3, a}[[3540015]]
{(1 + a)^2, (2 + a)^2, 1 + a, 2 + a, 3 + a, 4 + a, -1 + a, -2 + a, 
  2 + 2*a + a^2, 4 + 2*a + a^2, -2 + 2*a + a^2, 2 + a^2, 4 + 3*a + a^2, 
  2 + 4*a + a^2, 6 + 4*a + a^2, 2 + a + a^2, -2 + a^2, a^2, 
  4 + 4*a + 2*a^2 + a^3, -4 + 2*a^2 + a^3, 4 + 4*a + 4*a^2 + a^3, 
  4 + 8*a + 4*a^2 + a^3, a}[[1 + indexpairs]]
{(1 + a)^2, (2 + a)^2, 1 + a, 2 + a, 3 + a, 4 + a, -1 + a, -2 + a, 
  2 + 2*a + a^2, 4 + 2*a + a^2, -2 + 2*a + a^2, 2 + a^2, 4 + 3*a + a^2, 
  2 + 4*a + a^2, 6 + 4*a + a^2, 2 + a + a^2, -2 + a^2, a^2, 
  4 + 4*a + 2*a^2 + a^3, -4 + 2*a^2 + a^3, 4 + 4*a + 4*a^2 + a^3, 
  4 + 8*a + 4*a^2 + a^3, a}[[3540016]]
{(1 + a)^2, (2 + a)^2, 1 + a, 2 + a, 3 + a, 4 + a, -1 + a, -2 + a, 
  2 + 2*a + a^2, 4 + 2*a + a^2, -2 + 2*a + a^2, 2 + a^2, 4 + 3*a + a^2, 
  2 + 4*a + a^2, 6 + 4*a + a^2, 2 + a + a^2, -2 + a^2, a^2, 
  4 + 4*a + 2*a^2 + a^3, -4 + 2*a^2 + a^3, 4 + 4*a + 4*a^2 + a^3, 
  4 + 8*a + 4*a^2 + a^3, a}[[1 + indexpairs]]
{(1 + a)^2, (2 + a)^2, 1 + a, 2 + a, 3 + a, 4 + a, -1 + a, -2 + a, 
  2 + 2*a + a^2, 4 + 2*a + a^2, -2 + 2*a + a^2, 2 + a^2, 4 + 3*a + a^2, 
  2 + 4*a + a^2, 6 + 4*a + a^2, 2 + a + a^2, -2 + a^2, a^2, 
  4 + 4*a + 2*a^2 + a^3, -4 + 2*a^2 + a^3, 4 + 4*a + 4*a^2 + a^3, 
  4 + 8*a + 4*a^2 + a^3, a}[[3540017]]
{(1 + a)^2, (2 + a)^2, 1 + a, 2 + a, 3 + a, 4 + a, -1 + a, -2 + a, 
  2 + 2*a + a^2, 4 + 2*a + a^2, -2 + 2*a + a^2, 2 + a^2, 4 + 3*a + a^2, 
  2 + 4*a + a^2, 6 + 4*a + a^2, 2 + a + a^2, -2 + a^2, a^2, 
  4 + 4*a + 2*a^2 + a^3, -4 + 2*a^2 + a^3, 4 + 4*a + 4*a^2 + a^3, 
  4 + 8*a + 4*a^2 + a^3, a}[[1 + indexpairs]]
{(1 + a)^2, (2 + a)^2, 1 + a, 2 + a, 3 + a, 4 + a, -1 + a, -2 + a, 
  2 + 2*a + a^2, 4 + 2*a + a^2, -2 + 2*a + a^2, 2 + a^2, 4 + 3*a + a^2, 
  2 + 4*a + a^2, 6 + 4*a + a^2, 2 + a + a^2, -2 + a^2, a^2, 
  4 + 4*a + 2*a^2 + a^3, -4 + 2*a^2 + a^3, 4 + 4*a + 4*a^2 + a^3, 
  4 + 8*a + 4*a^2 + a^3, a}[[3540018]]
{(1 + a)^2, (2 + a)^2, 1 + a, 2 + a, 3 + a, 4 + a, -1 + a, -2 + a, 
  2 + 2*a + a^2, 4 + 2*a + a^2, -2 + 2*a + a^2, 2 + a^2, 4 + 3*a + a^2, 
  2 + 4*a + a^2, 6 + 4*a + a^2, 2 + a + a^2, -2 + a^2, a^2, 
  4 + 4*a + 2*a^2 + a^3, -4 + 2*a^2 + a^3, 4 + 4*a + 4*a^2 + a^3, 
  4 + 8*a + 4*a^2 + a^3, a}[[1 + indexpairs]]
{(1 + a)^2, (2 + a)^2, 1 + a, 2 + a, 3 + a, 4 + a, -1 + a, -2 + a, 
  2 + 2*a + a^2, 4 + 2*a + a^2, -2 + 2*a + a^2, 2 + a^2, 4 + 3*a + a^2, 
  2 + 4*a + a^2, 6 + 4*a + a^2, 2 + a + a^2, -2 + a^2, a^2, 
  4 + 4*a + 2*a^2 + a^3, -4 + 2*a^2 + a^3, 4 + 4*a + 4*a^2 + a^3, 
  4 + 8*a + 4*a^2 + a^3, a}[[3540019]]
{(1 + a)^2, (2 + a)^2, 1 + a, 2 + a, 3 + a, 4 + a, -1 + a, -2 + a, 
  2 + 2*a + a^2, 4 + 2*a + a^2, -2 + 2*a + a^2, 2 + a^2, 4 + 3*a + a^2, 
  2 + 4*a + a^2, 6 + 4*a + a^2, 2 + a + a^2, -2 + a^2, a^2, 
  4 + 4*a + 2*a^2 + a^3, -4 + 2*a^2 + a^3, 4 + 4*a + 4*a^2 + a^3, 
  4 + 8*a + 4*a^2 + a^3, a}[[1 + indexpairs]]
{(1 + a)^2, (2 + a)^2, 1 + a, 2 + a, 3 + a, 4 + a, -1 + a, -2 + a, 
  2 + 2*a + a^2, 4 + 2*a + a^2, -2 + 2*a + a^2, 2 + a^2, 4 + 3*a + a^2, 
  2 + 4*a + a^2, 6 + 4*a + a^2, 2 + a + a^2, -2 + a^2, a^2, 
  4 + 4*a + 2*a^2 + a^3, -4 + 2*a^2 + a^3, 4 + 4*a + 4*a^2 + a^3, 
  4 + 8*a + 4*a^2 + a^3, a}[[3540020]]
{(1 + a)^2, (2 + a)^2, 1 + a, 2 + a, 3 + a, 4 + a, -1 + a, -2 + a, 
  2 + 2*a + a^2, 4 + 2*a + a^2, -2 + 2*a + a^2, 2 + a^2, 4 + 3*a + a^2, 
  2 + 4*a + a^2, 6 + 4*a + a^2, 2 + a + a^2, -2 + a^2, a^2, 
  4 + 4*a + 2*a^2 + a^3, -4 + 2*a^2 + a^3, 4 + 4*a + 4*a^2 + a^3, 
  4 + 8*a + 4*a^2 + a^3, a}[[1 + indexpairs]]
{(1 + a)^2, (2 + a)^2, 1 + a, 2 + a, 3 + a, 4 + a, -1 + a, -2 + a, 
  2 + 2*a + a^2, 4 + 2*a + a^2, -2 + 2*a + a^2, 2 + a^2, 4 + 3*a + a^2, 
  2 + 4*a + a^2, 6 + 4*a + a^2, 2 + a + a^2, -2 + a^2, a^2, 
  4 + 4*a + 2*a^2 + a^3, -4 + 2*a^2 + a^3, 4 + 4*a + 4*a^2 + a^3, 
  4 + 8*a + 4*a^2 + a^3, a}[[3540021]]
{(1 + a)^2, (2 + a)^2, 1 + a, 2 + a, 3 + a, 4 + a, -1 + a, -2 + a, 
  2 + 2*a + a^2, 4 + 2*a + a^2, -2 + 2*a + a^2, 2 + a^2, 4 + 3*a + a^2, 
  2 + 4*a + a^2, 6 + 4*a + a^2, 2 + a + a^2, -2 + a^2, a^2, 
  4 + 4*a + 2*a^2 + a^3, -4 + 2*a^2 + a^3, 4 + 4*a + 4*a^2 + a^3, 
  4 + 8*a + 4*a^2 + a^3, a}[[1 + indexpairs]]
{(1 + a)^2, (2 + a)^2, 1 + a, 2 + a, 3 + a, 4 + a, -1 + a, -2 + a, 
  2 + 2*a + a^2, 4 + 2*a + a^2, -2 + 2*a + a^2, 2 + a^2, 4 + 3*a + a^2, 
  2 + 4*a + a^2, 6 + 4*a + a^2, 2 + a + a^2, -2 + a^2, a^2, 
  4 + 4*a + 2*a^2 + a^3, -4 + 2*a^2 + a^3, 4 + 4*a + 4*a^2 + a^3, 
  4 + 8*a + 4*a^2 + a^3, a}[[3540022]]
{(1 + a)^2, (2 + a)^2, 1 + a, 2 + a, 3 + a, 4 + a, -1 + a, -2 + a, 
  2 + 2*a + a^2, 4 + 2*a + a^2, -2 + 2*a + a^2, 2 + a^2, 4 + 3*a + a^2, 
  2 + 4*a + a^2, 6 + 4*a + a^2, 2 + a + a^2, -2 + a^2, a^2, 
  4 + 4*a + 2*a^2 + a^3, -4 + 2*a^2 + a^3, 4 + 4*a + 4*a^2 + a^3, 
  4 + 8*a + 4*a^2 + a^3, a}[[1 + indexpairs]]
{(1 + a)^2, (2 + a)^2, 1 + a, 2 + a, 3 + a, 4 + a, -1 + a, -2 + a, 
  2 + 2*a + a^2, 4 + 2*a + a^2, -2 + 2*a + a^2, 2 + a^2, 4 + 3*a + a^2, 
  2 + 4*a + a^2, 6 + 4*a + a^2, 2 + a + a^2, -2 + a^2, a^2, 
  4 + 4*a + 2*a^2 + a^3, -4 + 2*a^2 + a^3, 4 + 4*a + 4*a^2 + a^3, 
  4 + 8*a + 4*a^2 + a^3, a}[[3540023]]
{(1 + a)^2, (2 + a)^2, 1 + a, 2 + a, 3 + a, 4 + a, -1 + a, -2 + a, 
  2 + 2*a + a^2, 4 + 2*a + a^2, -2 + 2*a + a^2, 2 + a^2, 4 + 3*a + a^2, 
  2 + 4*a + a^2, 6 + 4*a + a^2, 2 + a + a^2, -2 + a^2, a^2, 
  4 + 4*a + 2*a^2 + a^3, -4 + 2*a^2 + a^3, 4 + 4*a + 4*a^2 + a^3, 
  4 + 8*a + 4*a^2 + a^3, a}[[1 + indexpairs]]
{(1 + a)^2, (2 + a)^2, 1 + a, 2 + a, 3 + a, 4 + a, -1 + a, -2 + a, 
  2 + 2*a + a^2, 4 + 2*a + a^2, -2 + 2*a + a^2, 2 + a^2, 4 + 3*a + a^2, 
  2 + 4*a + a^2, 6 + 4*a + a^2, 2 + a + a^2, -2 + a^2, a^2, 
  4 + 4*a + 2*a^2 + a^3, -4 + 2*a^2 + a^3, 4 + 4*a + 4*a^2 + a^3, 
  4 + 8*a + 4*a^2 + a^3, a}[[3540024]]
{(1 + a)^2, (2 + a)^2, 1 + a, 2 + a, 3 + a, 4 + a, -1 + a, -2 + a, 
  2 + 2*a + a^2, 4 + 2*a + a^2, -2 + 2*a + a^2, 2 + a^2, 4 + 3*a + a^2, 
  2 + 4*a + a^2, 6 + 4*a + a^2, 2 + a + a^2, -2 + a^2, a^2, 
  4 + 4*a + 2*a^2 + a^3, -4 + 2*a^2 + a^3, 4 + 4*a + 4*a^2 + a^3, 
  4 + 8*a + 4*a^2 + a^3, a}[[1 + indexpairs]]
{(1 + a)^2, (2 + a)^2, 1 + a, 2 + a, 3 + a, 4 + a, -1 + a, -2 + a, 
  2 + 2*a + a^2, 4 + 2*a + a^2, -2 + 2*a + a^2, 2 + a^2, 4 + 3*a + a^2, 
  2 + 4*a + a^2, 6 + 4*a + a^2, 2 + a + a^2, -2 + a^2, a^2, 
  4 + 4*a + 2*a^2 + a^3, -4 + 2*a^2 + a^3, 4 + 4*a + 4*a^2 + a^3, 
  4 + 8*a + 4*a^2 + a^3, a}[[3540025]]
{(1 + a)^2, (2 + a)^2, 1 + a, 2 + a, 3 + a, 4 + a, -1 + a, -2 + a, 
  2 + 2*a + a^2, 4 + 2*a + a^2, -2 + 2*a + a^2, 2 + a^2, 4 + 3*a + a^2, 
  2 + 4*a + a^2, 6 + 4*a + a^2, 2 + a + a^2, -2 + a^2, a^2, 
  4 + 4*a + 2*a^2 + a^3, -4 + 2*a^2 + a^3, 4 + 4*a + 4*a^2 + a^3, 
  4 + 8*a + 4*a^2 + a^3, a}[[1 + indexpairs]]
{(1 + a)^2, (2 + a)^2, 1 + a, 2 + a, 3 + a, 4 + a, -1 + a, -2 + a, 
  2 + 2*a + a^2, 4 + 2*a + a^2, -2 + 2*a + a^2, 2 + a^2, 4 + 3*a + a^2, 
  2 + 4*a + a^2, 6 + 4*a + a^2, 2 + a + a^2, -2 + a^2, a^2, 
  4 + 4*a + 2*a^2 + a^3, -4 + 2*a^2 + a^3, 4 + 4*a + 4*a^2 + a^3, 
  4 + 8*a + 4*a^2 + a^3, a}[[3540026]]
{(1 + a)^2, (2 + a)^2, 1 + a, 2 + a, 3 + a, 4 + a, -1 + a, -2 + a, 
  2 + 2*a + a^2, 4 + 2*a + a^2, -2 + 2*a + a^2, 2 + a^2, 4 + 3*a + a^2, 
  2 + 4*a + a^2, 6 + 4*a + a^2, 2 + a + a^2, -2 + a^2, a^2, 
  4 + 4*a + 2*a^2 + a^3, -4 + 2*a^2 + a^3, 4 + 4*a + 4*a^2 + a^3, 
  4 + 8*a + 4*a^2 + a^3, a}[[1 + indexpairs]]
{(1 + a)^2, (2 + a)^2, 1 + a, 2 + a, 3 + a, 4 + a, -1 + a, -2 + a, 
  2 + 2*a + a^2, 4 + 2*a + a^2, -2 + 2*a + a^2, 2 + a^2, 4 + 3*a + a^2, 
  2 + 4*a + a^2, 6 + 4*a + a^2, 2 + a + a^2, -2 + a^2, a^2, 
  4 + 4*a + 2*a^2 + a^3, -4 + 2*a^2 + a^3, 4 + 4*a + 4*a^2 + a^3, 
  4 + 8*a + 4*a^2 + a^3, a}[[3540027]]
{(1 + a)^2, (2 + a)^2, 1 + a, 2 + a, 3 + a, 4 + a, -1 + a, -2 + a, 
  2 + 2*a + a^2, 4 + 2*a + a^2, -2 + 2*a + a^2, 2 + a^2, 4 + 3*a + a^2, 
  2 + 4*a + a^2, 6 + 4*a + a^2, 2 + a + a^2, -2 + a^2, a^2, 
  4 + 4*a + 2*a^2 + a^3, -4 + 2*a^2 + a^3, 4 + 4*a + 4*a^2 + a^3, 
  4 + 8*a + 4*a^2 + a^3, a}[[1 + indexpairs]]
{(1 + a)^2, (2 + a)^2, 1 + a, 2 + a, 3 + a, 4 + a, -1 + a, -2 + a, 
  2 + 2*a + a^2, 4 + 2*a + a^2, -2 + 2*a + a^2, 2 + a^2, 4 + 3*a + a^2, 
  2 + 4*a + a^2, 6 + 4*a + a^2, 2 + a + a^2, -2 + a^2, a^2, 
  4 + 4*a + 2*a^2 + a^3, -4 + 2*a^2 + a^3, 4 + 4*a + 4*a^2 + a^3, 
  4 + 8*a + 4*a^2 + a^3, a}[[3540028]]
{(1 + a)^2, (2 + a)^2, 1 + a, 2 + a, 3 + a, 4 + a, -1 + a, -2 + a, 
  2 + 2*a + a^2, 4 + 2*a + a^2, -2 + 2*a + a^2, 2 + a^2, 4 + 3*a + a^2, 
  2 + 4*a + a^2, 6 + 4*a + a^2, 2 + a + a^2, -2 + a^2, a^2, 
  4 + 4*a + 2*a^2 + a^3, -4 + 2*a^2 + a^3, 4 + 4*a + 4*a^2 + a^3, 
  4 + 8*a + 4*a^2 + a^3, a}[[1 + indexpairs]]
{(1 + a)^2, (2 + a)^2, 1 + a, 2 + a, 3 + a, 4 + a, -1 + a, -2 + a, 
  2 + 2*a + a^2, 4 + 2*a + a^2, -2 + 2*a + a^2, 2 + a^2, 4 + 3*a + a^2, 
  2 + 4*a + a^2, 6 + 4*a + a^2, 2 + a + a^2, -2 + a^2, a^2, 
  4 + 4*a + 2*a^2 + a^3, -4 + 2*a^2 + a^3, 4 + 4*a + 4*a^2 + a^3, 
  4 + 8*a + 4*a^2 + a^3, a}[[3540029]]
{(1 + a)^2, (2 + a)^2, 1 + a, 2 + a, 3 + a, 4 + a, -1 + a, -2 + a, 
  2 + 2*a + a^2, 4 + 2*a + a^2, -2 + 2*a + a^2, 2 + a^2, 4 + 3*a + a^2, 
  2 + 4*a + a^2, 6 + 4*a + a^2, 2 + a + a^2, -2 + a^2, a^2, 
  4 + 4*a + 2*a^2 + a^3, -4 + 2*a^2 + a^3, 4 + 4*a + 4*a^2 + a^3, 
  4 + 8*a + 4*a^2 + a^3, a}[[1 + indexpairs]]
{(1 + a)^2, (2 + a)^2, 1 + a, 2 + a, 3 + a, 4 + a, -1 + a, -2 + a, 
  2 + 2*a + a^2, 4 + 2*a + a^2, -2 + 2*a + a^2, 2 + a^2, 4 + 3*a + a^2, 
  2 + 4*a + a^2, 6 + 4*a + a^2, 2 + a + a^2, -2 + a^2, a^2, 
  4 + 4*a + 2*a^2 + a^3, -4 + 2*a^2 + a^3, 4 + 4*a + 4*a^2 + a^3, 
  4 + 8*a + 4*a^2 + a^3, a}[[3540030]]
{(1 + a)^2, (2 + a)^2, 1 + a, 2 + a, 3 + a, 4 + a, -1 + a, -2 + a, 
  2 + 2*a + a^2, 4 + 2*a + a^2, -2 + 2*a + a^2, 2 + a^2, 4 + 3*a + a^2, 
  2 + 4*a + a^2, 6 + 4*a + a^2, 2 + a + a^2, -2 + a^2, a^2, 
  4 + 4*a + 2*a^2 + a^3, -4 + 2*a^2 + a^3, 4 + 4*a + 4*a^2 + a^3, 
  4 + 8*a + 4*a^2 + a^3, a}[[1 + indexpairs]]
{(1 + a)^2, (2 + a)^2, 1 + a, 2 + a, 3 + a, 4 + a, -1 + a, -2 + a, 
  2 + 2*a + a^2, 4 + 2*a + a^2, -2 + 2*a + a^2, 2 + a^2, 4 + 3*a + a^2, 
  2 + 4*a + a^2, 6 + 4*a + a^2, 2 + a + a^2, -2 + a^2, a^2, 
  4 + 4*a + 2*a^2 + a^3, -4 + 2*a^2 + a^3, 4 + 4*a + 4*a^2 + a^3, 
  4 + 8*a + 4*a^2 + a^3, a}[[3540031]]
{(1 + a)^2, (2 + a)^2, 1 + a, 2 + a, 3 + a, 4 + a, -1 + a, -2 + a, 
  2 + 2*a + a^2, 4 + 2*a + a^2, -2 + 2*a + a^2, 2 + a^2, 4 + 3*a + a^2, 
  2 + 4*a + a^2, 6 + 4*a + a^2, 2 + a + a^2, -2 + a^2, a^2, 
  4 + 4*a + 2*a^2 + a^3, -4 + 2*a^2 + a^3, 4 + 4*a + 4*a^2 + a^3, 
  4 + 8*a + 4*a^2 + a^3, a}[[1 + indexpairs]]
{(1 + a)^2, (2 + a)^2, 1 + a, 2 + a, 3 + a, 4 + a, -1 + a, -2 + a, 
  2 + 2*a + a^2, 4 + 2*a + a^2, -2 + 2*a + a^2, 2 + a^2, 4 + 3*a + a^2, 
  2 + 4*a + a^2, 6 + 4*a + a^2, 2 + a + a^2, -2 + a^2, a^2, 
  4 + 4*a + 2*a^2 + a^3, -4 + 2*a^2 + a^3, 4 + 4*a + 4*a^2 + a^3, 
  4 + 8*a + 4*a^2 + a^3, a}[[3540032]]
{(1 + a)^2, (2 + a)^2, 1 + a, 2 + a, 3 + a, 4 + a, -1 + a, -2 + a, 
  2 + 2*a + a^2, 4 + 2*a + a^2, -2 + 2*a + a^2, 2 + a^2, 4 + 3*a + a^2, 
  2 + 4*a + a^2, 6 + 4*a + a^2, 2 + a + a^2, -2 + a^2, a^2, 
  4 + 4*a + 2*a^2 + a^3, -4 + 2*a^2 + a^3, 4 + 4*a + 4*a^2 + a^3, 
  4 + 8*a + 4*a^2 + a^3, a}[[1 + indexpairs]]
{(1 + a)^2, (2 + a)^2, 1 + a, 2 + a, 3 + a, 4 + a, -1 + a, -2 + a, 
  2 + 2*a + a^2, 4 + 2*a + a^2, -2 + 2*a + a^2, 2 + a^2, 4 + 3*a + a^2, 
  2 + 4*a + a^2, 6 + 4*a + a^2, 2 + a + a^2, -2 + a^2, a^2, 
  4 + 4*a + 2*a^2 + a^3, -4 + 2*a^2 + a^3, 4 + 4*a + 4*a^2 + a^3, 
  4 + 8*a + 4*a^2 + a^3, a}[[3540033]]
{(1 + a)^2, (2 + a)^2, 1 + a, 2 + a, 3 + a, 4 + a, -1 + a, -2 + a, 
  2 + 2*a + a^2, 4 + 2*a + a^2, -2 + 2*a + a^2, 2 + a^2, 4 + 3*a + a^2, 
  2 + 4*a + a^2, 6 + 4*a + a^2, 2 + a + a^2, -2 + a^2, a^2, 
  4 + 4*a + 2*a^2 + a^3, -4 + 2*a^2 + a^3, 4 + 4*a + 4*a^2 + a^3, 
  4 + 8*a + 4*a^2 + a^3, a}[[1 + indexpairs]]
{(1 + a)^2, (2 + a)^2, 1 + a, 2 + a, 3 + a, 4 + a, -1 + a, -2 + a, 
  2 + 2*a + a^2, 4 + 2*a + a^2, -2 + 2*a + a^2, 2 + a^2, 4 + 3*a + a^2, 
  2 + 4*a + a^2, 6 + 4*a + a^2, 2 + a + a^2, -2 + a^2, a^2, 
  4 + 4*a + 2*a^2 + a^3, -4 + 2*a^2 + a^3, 4 + 4*a + 4*a^2 + a^3, 
  4 + 8*a + 4*a^2 + a^3, a}[[3540034]]
{(1 + a)^2, (2 + a)^2, 1 + a, 2 + a, 3 + a, 4 + a, -1 + a, -2 + a, 
  2 + 2*a + a^2, 4 + 2*a + a^2, -2 + 2*a + a^2, 2 + a^2, 4 + 3*a + a^2, 
  2 + 4*a + a^2, 6 + 4*a + a^2, 2 + a + a^2, -2 + a^2, a^2, 
  4 + 4*a + 2*a^2 + a^3, -4 + 2*a^2 + a^3, 4 + 4*a + 4*a^2 + a^3, 
  4 + 8*a + 4*a^2 + a^3, a}[[1 + indexpairs]]
{(1 + a)^2, (2 + a)^2, 1 + a, 2 + a, 3 + a, 4 + a, -1 + a, -2 + a, 
  2 + 2*a + a^2, 4 + 2*a + a^2, -2 + 2*a + a^2, 2 + a^2, 4 + 3*a + a^2, 
  2 + 4*a + a^2, 6 + 4*a + a^2, 2 + a + a^2, -2 + a^2, a^2, 
  4 + 4*a + 2*a^2 + a^3, -4 + 2*a^2 + a^3, 4 + 4*a + 4*a^2 + a^3, 
  4 + 8*a + 4*a^2 + a^3, a}[[3540035]]
{(1 + a)^2, (2 + a)^2, 1 + a, 2 + a, 3 + a, 4 + a, -1 + a, -2 + a, 
  2 + 2*a + a^2, 4 + 2*a + a^2, -2 + 2*a + a^2, 2 + a^2, 4 + 3*a + a^2, 
  2 + 4*a + a^2, 6 + 4*a + a^2, 2 + a + a^2, -2 + a^2, a^2, 
  4 + 4*a + 2*a^2 + a^3, -4 + 2*a^2 + a^3, 4 + 4*a + 4*a^2 + a^3, 
  4 + 8*a + 4*a^2 + a^3, a}[[1 + indexpairs]]
{(1 + a)^2, (2 + a)^2, 1 + a, 2 + a, 3 + a, 4 + a, -1 + a, -2 + a, 
  2 + 2*a + a^2, 4 + 2*a + a^2, -2 + 2*a + a^2, 2 + a^2, 4 + 3*a + a^2, 
  2 + 4*a + a^2, 6 + 4*a + a^2, 2 + a + a^2, -2 + a^2, a^2, 
  4 + 4*a + 2*a^2 + a^3, -4 + 2*a^2 + a^3, 4 + 4*a + 4*a^2 + a^3, 
  4 + 8*a + 4*a^2 + a^3, a}[[3540036]]
{(1 + a)^2, (2 + a)^2, 1 + a, 2 + a, 3 + a, 4 + a, -1 + a, -2 + a, 
  2 + 2*a + a^2, 4 + 2*a + a^2, -2 + 2*a + a^2, 2 + a^2, 4 + 3*a + a^2, 
  2 + 4*a + a^2, 6 + 4*a + a^2, 2 + a + a^2, -2 + a^2, a^2, 
  4 + 4*a + 2*a^2 + a^3, -4 + 2*a^2 + a^3, 4 + 4*a + 4*a^2 + a^3, 
  4 + 8*a + 4*a^2 + a^3, a}[[1 + indexpairs]]
{(1 + a)^2, (2 + a)^2, 1 + a, 2 + a, 3 + a, 4 + a, -1 + a, -2 + a, 
  2 + 2*a + a^2, 4 + 2*a + a^2, -2 + 2*a + a^2, 2 + a^2, 4 + 3*a + a^2, 
  2 + 4*a + a^2, 6 + 4*a + a^2, 2 + a + a^2, -2 + a^2, a^2, 
  4 + 4*a + 2*a^2 + a^3, -4 + 2*a^2 + a^3, 4 + 4*a + 4*a^2 + a^3, 
  4 + 8*a + 4*a^2 + a^3, a}[[3540037]]
{(1 + a)^2, (2 + a)^2, 1 + a, 2 + a, 3 + a, 4 + a, -1 + a, -2 + a, 
  2 + 2*a + a^2, 4 + 2*a + a^2, -2 + 2*a + a^2, 2 + a^2, 4 + 3*a + a^2, 
  2 + 4*a + a^2, 6 + 4*a + a^2, 2 + a + a^2, -2 + a^2, a^2, 
  4 + 4*a + 2*a^2 + a^3, -4 + 2*a^2 + a^3, 4 + 4*a + 4*a^2 + a^3, 
  4 + 8*a + 4*a^2 + a^3, a}[[1 + indexpairs]]
{(1 + a)^2, (2 + a)^2, 1 + a, 2 + a, 3 + a, 4 + a, -1 + a, -2 + a, 
  2 + 2*a + a^2, 4 + 2*a + a^2, -2 + 2*a + a^2, 2 + a^2, 4 + 3*a + a^2, 
  2 + 4*a + a^2, 6 + 4*a + a^2, 2 + a + a^2, -2 + a^2, a^2, 
  4 + 4*a + 2*a^2 + a^3, -4 + 2*a^2 + a^3, 4 + 4*a + 4*a^2 + a^3, 
  4 + 8*a + 4*a^2 + a^3, a}[[3540038]]
{(1 + a)^2, (2 + a)^2, 1 + a, 2 + a, 3 + a, 4 + a, -1 + a, -2 + a, 
  2 + 2*a + a^2, 4 + 2*a + a^2, -2 + 2*a + a^2, 2 + a^2, 4 + 3*a + a^2, 
  2 + 4*a + a^2, 6 + 4*a + a^2, 2 + a + a^2, -2 + a^2, a^2, 
  4 + 4*a + 2*a^2 + a^3, -4 + 2*a^2 + a^3, 4 + 4*a + 4*a^2 + a^3, 
  4 + 8*a + 4*a^2 + a^3, a}[[1 + indexpairs]]
{(1 + a)^2, (2 + a)^2, 1 + a, 2 + a, 3 + a, 4 + a, -1 + a, -2 + a, 
  2 + 2*a + a^2, 4 + 2*a + a^2, -2 + 2*a + a^2, 2 + a^2, 4 + 3*a + a^2, 
  2 + 4*a + a^2, 6 + 4*a + a^2, 2 + a + a^2, -2 + a^2, a^2, 
  4 + 4*a + 2*a^2 + a^3, -4 + 2*a^2 + a^3, 4 + 4*a + 4*a^2 + a^3, 
  4 + 8*a + 4*a^2 + a^3, a}[[3540039]]
{(1 + a)^2, (2 + a)^2, 1 + a, 2 + a, 3 + a, 4 + a, -1 + a, -2 + a, 
  2 + 2*a + a^2, 4 + 2*a + a^2, -2 + 2*a + a^2, 2 + a^2, 4 + 3*a + a^2, 
  2 + 4*a + a^2, 6 + 4*a + a^2, 2 + a + a^2, -2 + a^2, a^2, 
  4 + 4*a + 2*a^2 + a^3, -4 + 2*a^2 + a^3, 4 + 4*a + 4*a^2 + a^3, 
  4 + 8*a + 4*a^2 + a^3, a}[[1 + indexpairs]]
{(1 + a)^2, (2 + a)^2, 1 + a, 2 + a, 3 + a, 4 + a, -1 + a, -2 + a, 
  2 + 2*a + a^2, 4 + 2*a + a^2, -2 + 2*a + a^2, 2 + a^2, 4 + 3*a + a^2, 
  2 + 4*a + a^2, 6 + 4*a + a^2, 2 + a + a^2, -2 + a^2, a^2, 
  4 + 4*a + 2*a^2 + a^3, -4 + 2*a^2 + a^3, 4 + 4*a + 4*a^2 + a^3, 
  4 + 8*a + 4*a^2 + a^3, a}[[3540040]]
{(1 + a)^2, (2 + a)^2, 1 + a, 2 + a, 3 + a, 4 + a, -1 + a, -2 + a, 
  2 + 2*a + a^2, 4 + 2*a + a^2, -2 + 2*a + a^2, 2 + a^2, 4 + 3*a + a^2, 
  2 + 4*a + a^2, 6 + 4*a + a^2, 2 + a + a^2, -2 + a^2, a^2, 
  4 + 4*a + 2*a^2 + a^3, -4 + 2*a^2 + a^3, 4 + 4*a + 4*a^2 + a^3, 
  4 + 8*a + 4*a^2 + a^3, a}[[1 + indexpairs]]
{(1 + a)^2, (2 + a)^2, 1 + a, 2 + a, 3 + a, 4 + a, -1 + a, -2 + a, 
  2 + 2*a + a^2, 4 + 2*a + a^2, -2 + 2*a + a^2, 2 + a^2, 4 + 3*a + a^2, 
  2 + 4*a + a^2, 6 + 4*a + a^2, 2 + a + a^2, -2 + a^2, a^2, 
  4 + 4*a + 2*a^2 + a^3, -4 + 2*a^2 + a^3, 4 + 4*a + 4*a^2 + a^3, 
  4 + 8*a + 4*a^2 + a^3, a}[[3540041]]
{(1 + a)^2, (2 + a)^2, 1 + a, 2 + a, 3 + a, 4 + a, -1 + a, -2 + a, 
  2 + 2*a + a^2, 4 + 2*a + a^2, -2 + 2*a + a^2, 2 + a^2, 4 + 3*a + a^2, 
  2 + 4*a + a^2, 6 + 4*a + a^2, 2 + a + a^2, -2 + a^2, a^2, 
  4 + 4*a + 2*a^2 + a^3, -4 + 2*a^2 + a^3, 4 + 4*a + 4*a^2 + a^3, 
  4 + 8*a + 4*a^2 + a^3, a}[[1 + indexpairs]]
{(1 + a)^2, (2 + a)^2, 1 + a, 2 + a, 3 + a, 4 + a, -1 + a, -2 + a, 
  2 + 2*a + a^2, 4 + 2*a + a^2, -2 + 2*a + a^2, 2 + a^2, 4 + 3*a + a^2, 
  2 + 4*a + a^2, 6 + 4*a + a^2, 2 + a + a^2, -2 + a^2, a^2, 
  4 + 4*a + 2*a^2 + a^3, -4 + 2*a^2 + a^3, 4 + 4*a + 4*a^2 + a^3, 
  4 + 8*a + 4*a^2 + a^3, a}[[3540042]]
{(1 + a)^2, (2 + a)^2, 1 + a, 2 + a, 3 + a, 4 + a, -1 + a, -2 + a, 
  2 + 2*a + a^2, 4 + 2*a + a^2, -2 + 2*a + a^2, 2 + a^2, 4 + 3*a + a^2, 
  2 + 4*a + a^2, 6 + 4*a + a^2, 2 + a + a^2, -2 + a^2, a^2, 
  4 + 4*a + 2*a^2 + a^3, -4 + 2*a^2 + a^3, 4 + 4*a + 4*a^2 + a^3, 
  4 + 8*a + 4*a^2 + a^3, a}[[1 + indexpairs]]
{(1 + a)^2, (2 + a)^2, 1 + a, 2 + a, 3 + a, 4 + a, -1 + a, -2 + a, 
  2 + 2*a + a^2, 4 + 2*a + a^2, -2 + 2*a + a^2, 2 + a^2, 4 + 3*a + a^2, 
  2 + 4*a + a^2, 6 + 4*a + a^2, 2 + a + a^2, -2 + a^2, a^2, 
  4 + 4*a + 2*a^2 + a^3, -4 + 2*a^2 + a^3, 4 + 4*a + 4*a^2 + a^3, 
  4 + 8*a + 4*a^2 + a^3, a}[[3540043]]
{(1 + a)^2, (2 + a)^2, 1 + a, 2 + a, 3 + a, 4 + a, -1 + a, -2 + a, 
  2 + 2*a + a^2, 4 + 2*a + a^2, -2 + 2*a + a^2, 2 + a^2, 4 + 3*a + a^2, 
  2 + 4*a + a^2, 6 + 4*a + a^2, 2 + a + a^2, -2 + a^2, a^2, 
  4 + 4*a + 2*a^2 + a^3, -4 + 2*a^2 + a^3, 4 + 4*a + 4*a^2 + a^3, 
  4 + 8*a + 4*a^2 + a^3, a}[[1 + indexpairs]]
{(1 + a)^2, (2 + a)^2, 1 + a, 2 + a, 3 + a, 4 + a, -1 + a, -2 + a, 
  2 + 2*a + a^2, 4 + 2*a + a^2, -2 + 2*a + a^2, 2 + a^2, 4 + 3*a + a^2, 
  2 + 4*a + a^2, 6 + 4*a + a^2, 2 + a + a^2, -2 + a^2, a^2, 
  4 + 4*a + 2*a^2 + a^3, -4 + 2*a^2 + a^3, 4 + 4*a + 4*a^2 + a^3, 
  4 + 8*a + 4*a^2 + a^3, a}[[3540044]]
{(1 + a)^2, (2 + a)^2, 1 + a, 2 + a, 3 + a, 4 + a, -1 + a, -2 + a, 
  2 + 2*a + a^2, 4 + 2*a + a^2, -2 + 2*a + a^2, 2 + a^2, 4 + 3*a + a^2, 
  2 + 4*a + a^2, 6 + 4*a + a^2, 2 + a + a^2, -2 + a^2, a^2, 
  4 + 4*a + 2*a^2 + a^3, -4 + 2*a^2 + a^3, 4 + 4*a + 4*a^2 + a^3, 
  4 + 8*a + 4*a^2 + a^3, a}[[1 + indexpairs]]
{(1 + a)^2, (2 + a)^2, 1 + a, 2 + a, 3 + a, 4 + a, -1 + a, -2 + a, 
  2 + 2*a + a^2, 4 + 2*a + a^2, -2 + 2*a + a^2, 2 + a^2, 4 + 3*a + a^2, 
  2 + 4*a + a^2, 6 + 4*a + a^2, 2 + a + a^2, -2 + a^2, a^2, 
  4 + 4*a + 2*a^2 + a^3, -4 + 2*a^2 + a^3, 4 + 4*a + 4*a^2 + a^3, 
  4 + 8*a + 4*a^2 + a^3, a}[[3540045]]
{(1 + a)^2, (2 + a)^2, 1 + a, 2 + a, 3 + a, 4 + a, -1 + a, -2 + a, 
  2 + 2*a + a^2, 4 + 2*a + a^2, -2 + 2*a + a^2, 2 + a^2, 4 + 3*a + a^2, 
  2 + 4*a + a^2, 6 + 4*a + a^2, 2 + a + a^2, -2 + a^2, a^2, 
  4 + 4*a + 2*a^2 + a^3, -4 + 2*a^2 + a^3, 4 + 4*a + 4*a^2 + a^3, 
  4 + 8*a + 4*a^2 + a^3, a}[[1 + indexpairs]]
{(1 + a)^2, (2 + a)^2, 1 + a, 2 + a, 3 + a, 4 + a, -1 + a, -2 + a, 
  2 + 2*a + a^2, 4 + 2*a + a^2, -2 + 2*a + a^2, 2 + a^2, 4 + 3*a + a^2, 
  2 + 4*a + a^2, 6 + 4*a + a^2, 2 + a + a^2, -2 + a^2, a^2, 
  4 + 4*a + 2*a^2 + a^3, -4 + 2*a^2 + a^3, 4 + 4*a + 4*a^2 + a^3, 
  4 + 8*a + 4*a^2 + a^3, a}[[3540046]]
{(1 + a)^2, (2 + a)^2, 1 + a, 2 + a, 3 + a, 4 + a, -1 + a, -2 + a, 
  2 + 2*a + a^2, 4 + 2*a + a^2, -2 + 2*a + a^2, 2 + a^2, 4 + 3*a + a^2, 
  2 + 4*a + a^2, 6 + 4*a + a^2, 2 + a + a^2, -2 + a^2, a^2, 
  4 + 4*a + 2*a^2 + a^3, -4 + 2*a^2 + a^3, 4 + 4*a + 4*a^2 + a^3, 
  4 + 8*a + 4*a^2 + a^3, a}[[1 + indexpairs]]
{(1 + a)^2, (2 + a)^2, 1 + a, 2 + a, 3 + a, 4 + a, -1 + a, -2 + a, 
  2 + 2*a + a^2, 4 + 2*a + a^2, -2 + 2*a + a^2, 2 + a^2, 4 + 3*a + a^2, 
  2 + 4*a + a^2, 6 + 4*a + a^2, 2 + a + a^2, -2 + a^2, a^2, 
  4 + 4*a + 2*a^2 + a^3, -4 + 2*a^2 + a^3, 4 + 4*a + 4*a^2 + a^3, 
  4 + 8*a + 4*a^2 + a^3, a}[[3540047]]
{(1 + a)^2, (2 + a)^2, 1 + a, 2 + a, 3 + a, 4 + a, -1 + a, -2 + a, 
  2 + 2*a + a^2, 4 + 2*a + a^2, -2 + 2*a + a^2, 2 + a^2, 4 + 3*a + a^2, 
  2 + 4*a + a^2, 6 + 4*a + a^2, 2 + a + a^2, -2 + a^2, a^2, 
  4 + 4*a + 2*a^2 + a^3, -4 + 2*a^2 + a^3, 4 + 4*a + 4*a^2 + a^3, 
  4 + 8*a + 4*a^2 + a^3, a}[[1 + indexpairs]]
{(1 + a)^2, (2 + a)^2, 1 + a, 2 + a, 3 + a, 4 + a, -1 + a, -2 + a, 
  2 + 2*a + a^2, 4 + 2*a + a^2, -2 + 2*a + a^2, 2 + a^2, 4 + 3*a + a^2, 
  2 + 4*a + a^2, 6 + 4*a + a^2, 2 + a + a^2, -2 + a^2, a^2, 
  4 + 4*a + 2*a^2 + a^3, -4 + 2*a^2 + a^3, 4 + 4*a + 4*a^2 + a^3, 
  4 + 8*a + 4*a^2 + a^3, a}[[3540048]]
{(1 + a)^2, (2 + a)^2, 1 + a, 2 + a, 3 + a, 4 + a, -1 + a, -2 + a, 
  2 + 2*a + a^2, 4 + 2*a + a^2, -2 + 2*a + a^2, 2 + a^2, 4 + 3*a + a^2, 
  2 + 4*a + a^2, 6 + 4*a + a^2, 2 + a + a^2, -2 + a^2, a^2, 
  4 + 4*a + 2*a^2 + a^3, -4 + 2*a^2 + a^3, 4 + 4*a + 4*a^2 + a^3, 
  4 + 8*a + 4*a^2 + a^3, a}[[1 + indexpairs]]
{(1 + a)^2, (2 + a)^2, 1 + a, 2 + a, 3 + a, 4 + a, -1 + a, -2 + a, 
  2 + 2*a + a^2, 4 + 2*a + a^2, -2 + 2*a + a^2, 2 + a^2, 4 + 3*a + a^2, 
  2 + 4*a + a^2, 6 + 4*a + a^2, 2 + a + a^2, -2 + a^2, a^2, 
  4 + 4*a + 2*a^2 + a^3, -4 + 2*a^2 + a^3, 4 + 4*a + 4*a^2 + a^3, 
  4 + 8*a + 4*a^2 + a^3, a}[[3540049]]
{(1 + a)^2, (2 + a)^2, 1 + a, 2 + a, 3 + a, 4 + a, -1 + a, -2 + a, 
  2 + 2*a + a^2, 4 + 2*a + a^2, -2 + 2*a + a^2, 2 + a^2, 4 + 3*a + a^2, 
  2 + 4*a + a^2, 6 + 4*a + a^2, 2 + a + a^2, -2 + a^2, a^2, 
  4 + 4*a + 2*a^2 + a^3, -4 + 2*a^2 + a^3, 4 + 4*a + 4*a^2 + a^3, 
  4 + 8*a + 4*a^2 + a^3, a}[[1 + indexpairs]]
{(1 + a)^2, (2 + a)^2, 1 + a, 2 + a, 3 + a, 4 + a, -1 + a, -2 + a, 
  2 + 2*a + a^2, 4 + 2*a + a^2, -2 + 2*a + a^2, 2 + a^2, 4 + 3*a + a^2, 
  2 + 4*a + a^2, 6 + 4*a + a^2, 2 + a + a^2, -2 + a^2, a^2, 
  4 + 4*a + 2*a^2 + a^3, -4 + 2*a^2 + a^3, 4 + 4*a + 4*a^2 + a^3, 
  4 + 8*a + 4*a^2 + a^3, a}[[3540050]]
{(1 + a)^2, (2 + a)^2, 1 + a, 2 + a, 3 + a, 4 + a, -1 + a, -2 + a, 
  2 + 2*a + a^2, 4 + 2*a + a^2, -2 + 2*a + a^2, 2 + a^2, 4 + 3*a + a^2, 
  2 + 4*a + a^2, 6 + 4*a + a^2, 2 + a + a^2, -2 + a^2, a^2, 
  4 + 4*a + 2*a^2 + a^3, -4 + 2*a^2 + a^3, 4 + 4*a + 4*a^2 + a^3, 
  4 + 8*a + 4*a^2 + a^3, a}[[1 + indexpairs]]
{(1 + a)^2, (2 + a)^2, 1 + a, 2 + a, 3 + a, 4 + a, -1 + a, -2 + a, 
  2 + 2*a + a^2, 4 + 2*a + a^2, -2 + 2*a + a^2, 2 + a^2, 4 + 3*a + a^2, 
  2 + 4*a + a^2, 6 + 4*a + a^2, 2 + a + a^2, -2 + a^2, a^2, 
  4 + 4*a + 2*a^2 + a^3, -4 + 2*a^2 + a^3, 4 + 4*a + 4*a^2 + a^3, 
  4 + 8*a + 4*a^2 + a^3, a}[[3540051]]
{(1 + a)^2, (2 + a)^2, 1 + a, 2 + a, 3 + a, 4 + a, -1 + a, -2 + a, 
  2 + 2*a + a^2, 4 + 2*a + a^2, -2 + 2*a + a^2, 2 + a^2, 4 + 3*a + a^2, 
  2 + 4*a + a^2, 6 + 4*a + a^2, 2 + a + a^2, -2 + a^2, a^2, 
  4 + 4*a + 2*a^2 + a^3, -4 + 2*a^2 + a^3, 4 + 4*a + 4*a^2 + a^3, 
  4 + 8*a + 4*a^2 + a^3, a}[[1 + indexpairs]]
{(1 + a)^2, (2 + a)^2, 1 + a, 2 + a, 3 + a, 4 + a, -1 + a, -2 + a, 
  2 + 2*a + a^2, 4 + 2*a + a^2, -2 + 2*a + a^2, 2 + a^2, 4 + 3*a + a^2, 
  2 + 4*a + a^2, 6 + 4*a + a^2, 2 + a + a^2, -2 + a^2, a^2, 
  4 + 4*a + 2*a^2 + a^3, -4 + 2*a^2 + a^3, 4 + 4*a + 4*a^2 + a^3, 
  4 + 8*a + 4*a^2 + a^3, a}[[3540052]]
{(1 + a)^2, (2 + a)^2, 1 + a, 2 + a, 3 + a, 4 + a, -1 + a, -2 + a, 
  2 + 2*a + a^2, 4 + 2*a + a^2, -2 + 2*a + a^2, 2 + a^2, 4 + 3*a + a^2, 
  2 + 4*a + a^2, 6 + 4*a + a^2, 2 + a + a^2, -2 + a^2, a^2, 
  4 + 4*a + 2*a^2 + a^3, -4 + 2*a^2 + a^3, 4 + 4*a + 4*a^2 + a^3, 
  4 + 8*a + 4*a^2 + a^3, a}[[1 + indexpairs]]
{(1 + a)^2, (2 + a)^2, 1 + a, 2 + a, 3 + a, 4 + a, -1 + a, -2 + a, 
  2 + 2*a + a^2, 4 + 2*a + a^2, -2 + 2*a + a^2, 2 + a^2, 4 + 3*a + a^2, 
  2 + 4*a + a^2, 6 + 4*a + a^2, 2 + a + a^2, -2 + a^2, a^2, 
  4 + 4*a + 2*a^2 + a^3, -4 + 2*a^2 + a^3, 4 + 4*a + 4*a^2 + a^3, 
  4 + 8*a + 4*a^2 + a^3, a}[[3540053]]
{(1 + a)^2, (2 + a)^2, 1 + a, 2 + a, 3 + a, 4 + a, -1 + a, -2 + a, 
  2 + 2*a + a^2, 4 + 2*a + a^2, -2 + 2*a + a^2, 2 + a^2, 4 + 3*a + a^2, 
  2 + 4*a + a^2, 6 + 4*a + a^2, 2 + a + a^2, -2 + a^2, a^2, 
  4 + 4*a + 2*a^2 + a^3, -4 + 2*a^2 + a^3, 4 + 4*a + 4*a^2 + a^3, 
  4 + 8*a + 4*a^2 + a^3, a}[[1 + indexpairs]]
{(1 + a)^2, (2 + a)^2, 1 + a, 2 + a, 3 + a, 4 + a, -1 + a, -2 + a, 
  2 + 2*a + a^2, 4 + 2*a + a^2, -2 + 2*a + a^2, 2 + a^2, 4 + 3*a + a^2, 
  2 + 4*a + a^2, 6 + 4*a + a^2, 2 + a + a^2, -2 + a^2, a^2, 
  4 + 4*a + 2*a^2 + a^3, -4 + 2*a^2 + a^3, 4 + 4*a + 4*a^2 + a^3, 
  4 + 8*a + 4*a^2 + a^3, a}[[3540054]]
{(1 + a)^2, (2 + a)^2, 1 + a, 2 + a, 3 + a, 4 + a, -1 + a, -2 + a, 
  2 + 2*a + a^2, 4 + 2*a + a^2, -2 + 2*a + a^2, 2 + a^2, 4 + 3*a + a^2, 
  2 + 4*a + a^2, 6 + 4*a + a^2, 2 + a + a^2, -2 + a^2, a^2, 
  4 + 4*a + 2*a^2 + a^3, -4 + 2*a^2 + a^3, 4 + 4*a + 4*a^2 + a^3, 
  4 + 8*a + 4*a^2 + a^3, a}[[1 + indexpairs]]
{(1 + a)^2, (2 + a)^2, 1 + a, 2 + a, 3 + a, 4 + a, -1 + a, -2 + a, 
  2 + 2*a + a^2, 4 + 2*a + a^2, -2 + 2*a + a^2, 2 + a^2, 4 + 3*a + a^2, 
  2 + 4*a + a^2, 6 + 4*a + a^2, 2 + a + a^2, -2 + a^2, a^2, 
  4 + 4*a + 2*a^2 + a^3, -4 + 2*a^2 + a^3, 4 + 4*a + 4*a^2 + a^3, 
  4 + 8*a + 4*a^2 + a^3, a}[[3540055]]
{(1 + a)^2, (2 + a)^2, 1 + a, 2 + a, 3 + a, 4 + a, -1 + a, -2 + a, 
  2 + 2*a + a^2, 4 + 2*a + a^2, -2 + 2*a + a^2, 2 + a^2, 4 + 3*a + a^2, 
  2 + 4*a + a^2, 6 + 4*a + a^2, 2 + a + a^2, -2 + a^2, a^2, 
  4 + 4*a + 2*a^2 + a^3, -4 + 2*a^2 + a^3, 4 + 4*a + 4*a^2 + a^3, 
  4 + 8*a + 4*a^2 + a^3, a}[[1 + indexpairs]]
{(1 + a)^2, (2 + a)^2, 1 + a, 2 + a, 3 + a, 4 + a, -1 + a, -2 + a, 
  2 + 2*a + a^2, 4 + 2*a + a^2, -2 + 2*a + a^2, 2 + a^2, 4 + 3*a + a^2, 
  2 + 4*a + a^2, 6 + 4*a + a^2, 2 + a + a^2, -2 + a^2, a^2, 
  4 + 4*a + 2*a^2 + a^3, -4 + 2*a^2 + a^3, 4 + 4*a + 4*a^2 + a^3, 
  4 + 8*a + 4*a^2 + a^3, a}[[3540056]]
{(1 + a)^2, (2 + a)^2, 1 + a, 2 + a, 3 + a, 4 + a, -1 + a, -2 + a, 
  2 + 2*a + a^2, 4 + 2*a + a^2, -2 + 2*a + a^2, 2 + a^2, 4 + 3*a + a^2, 
  2 + 4*a + a^2, 6 + 4*a + a^2, 2 + a + a^2, -2 + a^2, a^2, 
  4 + 4*a + 2*a^2 + a^3, -4 + 2*a^2 + a^3, 4 + 4*a + 4*a^2 + a^3, 
  4 + 8*a + 4*a^2 + a^3, a}[[1 + indexpairs]]
{(1 + a)^2, (2 + a)^2, 1 + a, 2 + a, 3 + a, 4 + a, -1 + a, -2 + a, 
  2 + 2*a + a^2, 4 + 2*a + a^2, -2 + 2*a + a^2, 2 + a^2, 4 + 3*a + a^2, 
  2 + 4*a + a^2, 6 + 4*a + a^2, 2 + a + a^2, -2 + a^2, a^2, 
  4 + 4*a + 2*a^2 + a^3, -4 + 2*a^2 + a^3, 4 + 4*a + 4*a^2 + a^3, 
  4 + 8*a + 4*a^2 + a^3, a}[[3540057]]
{(1 + a)^2, (2 + a)^2, 1 + a, 2 + a, 3 + a, 4 + a, -1 + a, -2 + a, 
  2 + 2*a + a^2, 4 + 2*a + a^2, -2 + 2*a + a^2, 2 + a^2, 4 + 3*a + a^2, 
  2 + 4*a + a^2, 6 + 4*a + a^2, 2 + a + a^2, -2 + a^2, a^2, 
  4 + 4*a + 2*a^2 + a^3, -4 + 2*a^2 + a^3, 4 + 4*a + 4*a^2 + a^3, 
  4 + 8*a + 4*a^2 + a^3, a}[[1 + indexpairs]]
{(1 + a)^2, (2 + a)^2, 1 + a, 2 + a, 3 + a, 4 + a, -1 + a, -2 + a, 
  2 + 2*a + a^2, 4 + 2*a + a^2, -2 + 2*a + a^2, 2 + a^2, 4 + 3*a + a^2, 
  2 + 4*a + a^2, 6 + 4*a + a^2, 2 + a + a^2, -2 + a^2, a^2, 
  4 + 4*a + 2*a^2 + a^3, -4 + 2*a^2 + a^3, 4 + 4*a + 4*a^2 + a^3, 
  4 + 8*a + 4*a^2 + a^3, a}[[3540058]]
{(1 + a)^2, (2 + a)^2, 1 + a, 2 + a, 3 + a, 4 + a, -1 + a, -2 + a, 
  2 + 2*a + a^2, 4 + 2*a + a^2, -2 + 2*a + a^2, 2 + a^2, 4 + 3*a + a^2, 
  2 + 4*a + a^2, 6 + 4*a + a^2, 2 + a + a^2, -2 + a^2, a^2, 
  4 + 4*a + 2*a^2 + a^3, -4 + 2*a^2 + a^3, 4 + 4*a + 4*a^2 + a^3, 
  4 + 8*a + 4*a^2 + a^3, a}[[1 + indexpairs]]
{(1 + a)^2, (2 + a)^2, 1 + a, 2 + a, 3 + a, 4 + a, -1 + a, -2 + a, 
  2 + 2*a + a^2, 4 + 2*a + a^2, -2 + 2*a + a^2, 2 + a^2, 4 + 3*a + a^2, 
  2 + 4*a + a^2, 6 + 4*a + a^2, 2 + a + a^2, -2 + a^2, a^2, 
  4 + 4*a + 2*a^2 + a^3, -4 + 2*a^2 + a^3, 4 + 4*a + 4*a^2 + a^3, 
  4 + 8*a + 4*a^2 + a^3, a}[[3540059]]
{(1 + a)^2, (2 + a)^2, 1 + a, 2 + a, 3 + a, 4 + a, -1 + a, -2 + a, 
  2 + 2*a + a^2, 4 + 2*a + a^2, -2 + 2*a + a^2, 2 + a^2, 4 + 3*a + a^2, 
  2 + 4*a + a^2, 6 + 4*a + a^2, 2 + a + a^2, -2 + a^2, a^2, 
  4 + 4*a + 2*a^2 + a^3, -4 + 2*a^2 + a^3, 4 + 4*a + 4*a^2 + a^3, 
  4 + 8*a + 4*a^2 + a^3, a}[[1 + indexpairs]]
{(1 + a)^2, (2 + a)^2, 1 + a, 2 + a, 3 + a, 4 + a, -1 + a, -2 + a, 
  2 + 2*a + a^2, 4 + 2*a + a^2, -2 + 2*a + a^2, 2 + a^2, 4 + 3*a + a^2, 
  2 + 4*a + a^2, 6 + 4*a + a^2, 2 + a + a^2, -2 + a^2, a^2, 
  4 + 4*a + 2*a^2 + a^3, -4 + 2*a^2 + a^3, 4 + 4*a + 4*a^2 + a^3, 
  4 + 8*a + 4*a^2 + a^3, a}[[3540060]]
{(1 + a)^2, (2 + a)^2, 1 + a, 2 + a, 3 + a, 4 + a, -1 + a, -2 + a, 
  2 + 2*a + a^2, 4 + 2*a + a^2, -2 + 2*a + a^2, 2 + a^2, 4 + 3*a + a^2, 
  2 + 4*a + a^2, 6 + 4*a + a^2, 2 + a + a^2, -2 + a^2, a^2, 
  4 + 4*a + 2*a^2 + a^3, -4 + 2*a^2 + a^3, 4 + 4*a + 4*a^2 + a^3, 
  4 + 8*a + 4*a^2 + a^3, a}[[1 + indexpairs]]
{(1 + a)^2, (2 + a)^2, 1 + a, 2 + a, 3 + a, 4 + a, -1 + a, -2 + a, 
  2 + 2*a + a^2, 4 + 2*a + a^2, -2 + 2*a + a^2, 2 + a^2, 4 + 3*a + a^2, 
  2 + 4*a + a^2, 6 + 4*a + a^2, 2 + a + a^2, -2 + a^2, a^2, 
  4 + 4*a + 2*a^2 + a^3, -4 + 2*a^2 + a^3, 4 + 4*a + 4*a^2 + a^3, 
  4 + 8*a + 4*a^2 + a^3, a}[[3540061]]
{(1 + a)^2, (2 + a)^2, 1 + a, 2 + a, 3 + a, 4 + a, -1 + a, -2 + a, 
  2 + 2*a + a^2, 4 + 2*a + a^2, -2 + 2*a + a^2, 2 + a^2, 4 + 3*a + a^2, 
  2 + 4*a + a^2, 6 + 4*a + a^2, 2 + a + a^2, -2 + a^2, a^2, 
  4 + 4*a + 2*a^2 + a^3, -4 + 2*a^2 + a^3, 4 + 4*a + 4*a^2 + a^3, 
  4 + 8*a + 4*a^2 + a^3, a}[[1 + indexpairs]]
{(1 + a)^2, (2 + a)^2, 1 + a, 2 + a, 3 + a, 4 + a, -1 + a, -2 + a, 
  2 + 2*a + a^2, 4 + 2*a + a^2, -2 + 2*a + a^2, 2 + a^2, 4 + 3*a + a^2, 
  2 + 4*a + a^2, 6 + 4*a + a^2, 2 + a + a^2, -2 + a^2, a^2, 
  4 + 4*a + 2*a^2 + a^3, -4 + 2*a^2 + a^3, 4 + 4*a + 4*a^2 + a^3, 
  4 + 8*a + 4*a^2 + a^3, a}[[3540062]]
{(1 + a)^2, (2 + a)^2, 1 + a, 2 + a, 3 + a, 4 + a, -1 + a, -2 + a, 
  2 + 2*a + a^2, 4 + 2*a + a^2, -2 + 2*a + a^2, 2 + a^2, 4 + 3*a + a^2, 
  2 + 4*a + a^2, 6 + 4*a + a^2, 2 + a + a^2, -2 + a^2, a^2, 
  4 + 4*a + 2*a^2 + a^3, -4 + 2*a^2 + a^3, 4 + 4*a + 4*a^2 + a^3, 
  4 + 8*a + 4*a^2 + a^3, a}[[1 + indexpairs]]
{(1 + a)^2, (2 + a)^2, 1 + a, 2 + a, 3 + a, 4 + a, -1 + a, -2 + a, 
  2 + 2*a + a^2, 4 + 2*a + a^2, -2 + 2*a + a^2, 2 + a^2, 4 + 3*a + a^2, 
  2 + 4*a + a^2, 6 + 4*a + a^2, 2 + a + a^2, -2 + a^2, a^2, 
  4 + 4*a + 2*a^2 + a^3, -4 + 2*a^2 + a^3, 4 + 4*a + 4*a^2 + a^3, 
  4 + 8*a + 4*a^2 + a^3, a}[[3540063]]
{(1 + a)^2, (2 + a)^2, 1 + a, 2 + a, 3 + a, 4 + a, -1 + a, -2 + a, 
  2 + 2*a + a^2, 4 + 2*a + a^2, -2 + 2*a + a^2, 2 + a^2, 4 + 3*a + a^2, 
  2 + 4*a + a^2, 6 + 4*a + a^2, 2 + a + a^2, -2 + a^2, a^2, 
  4 + 4*a + 2*a^2 + a^3, -4 + 2*a^2 + a^3, 4 + 4*a + 4*a^2 + a^3, 
  4 + 8*a + 4*a^2 + a^3, a}[[1 + indexpairs]]
{(1 + a)^2, (2 + a)^2, 1 + a, 2 + a, 3 + a, 4 + a, -1 + a, -2 + a, 
  2 + 2*a + a^2, 4 + 2*a + a^2, -2 + 2*a + a^2, 2 + a^2, 4 + 3*a + a^2, 
  2 + 4*a + a^2, 6 + 4*a + a^2, 2 + a + a^2, -2 + a^2, a^2, 
  4 + 4*a + 2*a^2 + a^3, -4 + 2*a^2 + a^3, 4 + 4*a + 4*a^2 + a^3, 
  4 + 8*a + 4*a^2 + a^3, a}[[3540064]]
{(1 + a)^2, (2 + a)^2, 1 + a, 2 + a, 3 + a, 4 + a, -1 + a, -2 + a, 
  2 + 2*a + a^2, 4 + 2*a + a^2, -2 + 2*a + a^2, 2 + a^2, 4 + 3*a + a^2, 
  2 + 4*a + a^2, 6 + 4*a + a^2, 2 + a + a^2, -2 + a^2, a^2, 
  4 + 4*a + 2*a^2 + a^3, -4 + 2*a^2 + a^3, 4 + 4*a + 4*a^2 + a^3, 
  4 + 8*a + 4*a^2 + a^3, a}[[1 + indexpairs]]
{(1 + a)^2, (2 + a)^2, 1 + a, 2 + a, 3 + a, 4 + a, -1 + a, -2 + a, 
  2 + 2*a + a^2, 4 + 2*a + a^2, -2 + 2*a + a^2, 2 + a^2, 4 + 3*a + a^2, 
  2 + 4*a + a^2, 6 + 4*a + a^2, 2 + a + a^2, -2 + a^2, a^2, 
  4 + 4*a + 2*a^2 + a^3, -4 + 2*a^2 + a^3, 4 + 4*a + 4*a^2 + a^3, 
  4 + 8*a + 4*a^2 + a^3, a}[[3540065]]
{(1 + a)^2, (2 + a)^2, 1 + a, 2 + a, 3 + a, 4 + a, -1 + a, -2 + a, 
  2 + 2*a + a^2, 4 + 2*a + a^2, -2 + 2*a + a^2, 2 + a^2, 4 + 3*a + a^2, 
  2 + 4*a + a^2, 6 + 4*a + a^2, 2 + a + a^2, -2 + a^2, a^2, 
  4 + 4*a + 2*a^2 + a^3, -4 + 2*a^2 + a^3, 4 + 4*a + 4*a^2 + a^3, 
  4 + 8*a + 4*a^2 + a^3, a}[[1 + indexpairs]]
{(1 + a)^2, (2 + a)^2, 1 + a, 2 + a, 3 + a, 4 + a, -1 + a, -2 + a, 
  2 + 2*a + a^2, 4 + 2*a + a^2, -2 + 2*a + a^2, 2 + a^2, 4 + 3*a + a^2, 
  2 + 4*a + a^2, 6 + 4*a + a^2, 2 + a + a^2, -2 + a^2, a^2, 
  4 + 4*a + 2*a^2 + a^3, -4 + 2*a^2 + a^3, 4 + 4*a + 4*a^2 + a^3, 
  4 + 8*a + 4*a^2 + a^3, a}[[3540066]]
{(1 + a)^2, (2 + a)^2, 1 + a, 2 + a, 3 + a, 4 + a, -1 + a, -2 + a, 
  2 + 2*a + a^2, 4 + 2*a + a^2, -2 + 2*a + a^2, 2 + a^2, 4 + 3*a + a^2, 
  2 + 4*a + a^2, 6 + 4*a + a^2, 2 + a + a^2, -2 + a^2, a^2, 
  4 + 4*a + 2*a^2 + a^3, -4 + 2*a^2 + a^3, 4 + 4*a + 4*a^2 + a^3, 
  4 + 8*a + 4*a^2 + a^3, a}[[1 + indexpairs]]
{(1 + a)^2, (2 + a)^2, 1 + a, 2 + a, 3 + a, 4 + a, -1 + a, -2 + a, 
  2 + 2*a + a^2, 4 + 2*a + a^2, -2 + 2*a + a^2, 2 + a^2, 4 + 3*a + a^2, 
  2 + 4*a + a^2, 6 + 4*a + a^2, 2 + a + a^2, -2 + a^2, a^2, 
  4 + 4*a + 2*a^2 + a^3, -4 + 2*a^2 + a^3, 4 + 4*a + 4*a^2 + a^3, 
  4 + 8*a + 4*a^2 + a^3, a}[[3540067]]
{(1 + a)^2, (2 + a)^2, 1 + a, 2 + a, 3 + a, 4 + a, -1 + a, -2 + a, 
  2 + 2*a + a^2, 4 + 2*a + a^2, -2 + 2*a + a^2, 2 + a^2, 4 + 3*a + a^2, 
  2 + 4*a + a^2, 6 + 4*a + a^2, 2 + a + a^2, -2 + a^2, a^2, 
  4 + 4*a + 2*a^2 + a^3, -4 + 2*a^2 + a^3, 4 + 4*a + 4*a^2 + a^3, 
  4 + 8*a + 4*a^2 + a^3, a}[[1 + indexpairs]]
{(1 + a)^2, (2 + a)^2, 1 + a, 2 + a, 3 + a, 4 + a, -1 + a, -2 + a, 
  2 + 2*a + a^2, 4 + 2*a + a^2, -2 + 2*a + a^2, 2 + a^2, 4 + 3*a + a^2, 
  2 + 4*a + a^2, 6 + 4*a + a^2, 2 + a + a^2, -2 + a^2, a^2, 
  4 + 4*a + 2*a^2 + a^3, -4 + 2*a^2 + a^3, 4 + 4*a + 4*a^2 + a^3, 
  4 + 8*a + 4*a^2 + a^3, a}[[3540068]]
{(1 + a)^2, (2 + a)^2, 1 + a, 2 + a, 3 + a, 4 + a, -1 + a, -2 + a, 
  2 + 2*a + a^2, 4 + 2*a + a^2, -2 + 2*a + a^2, 2 + a^2, 4 + 3*a + a^2, 
  2 + 4*a + a^2, 6 + 4*a + a^2, 2 + a + a^2, -2 + a^2, a^2, 
  4 + 4*a + 2*a^2 + a^3, -4 + 2*a^2 + a^3, 4 + 4*a + 4*a^2 + a^3, 
  4 + 8*a + 4*a^2 + a^3, a}[[1 + indexpairs]]
{(1 + a)^2, (2 + a)^2, 1 + a, 2 + a, 3 + a, 4 + a, -1 + a, -2 + a, 
  2 + 2*a + a^2, 4 + 2*a + a^2, -2 + 2*a + a^2, 2 + a^2, 4 + 3*a + a^2, 
  2 + 4*a + a^2, 6 + 4*a + a^2, 2 + a + a^2, -2 + a^2, a^2, 
  4 + 4*a + 2*a^2 + a^3, -4 + 2*a^2 + a^3, 4 + 4*a + 4*a^2 + a^3, 
  4 + 8*a + 4*a^2 + a^3, a}[[3540069]]
{(1 + a)^2, (2 + a)^2, 1 + a, 2 + a, 3 + a, 4 + a, -1 + a, -2 + a, 
  2 + 2*a + a^2, 4 + 2*a + a^2, -2 + 2*a + a^2, 2 + a^2, 4 + 3*a + a^2, 
  2 + 4*a + a^2, 6 + 4*a + a^2, 2 + a + a^2, -2 + a^2, a^2, 
  4 + 4*a + 2*a^2 + a^3, -4 + 2*a^2 + a^3, 4 + 4*a + 4*a^2 + a^3, 
  4 + 8*a + 4*a^2 + a^3, a}[[1 + indexpairs]]
{(1 + a)^2, (2 + a)^2, 1 + a, 2 + a, 3 + a, 4 + a, -1 + a, -2 + a, 
  2 + 2*a + a^2, 4 + 2*a + a^2, -2 + 2*a + a^2, 2 + a^2, 4 + 3*a + a^2, 
  2 + 4*a + a^2, 6 + 4*a + a^2, 2 + a + a^2, -2 + a^2, a^2, 
  4 + 4*a + 2*a^2 + a^3, -4 + 2*a^2 + a^3, 4 + 4*a + 4*a^2 + a^3, 
  4 + 8*a + 4*a^2 + a^3, a}[[3540070]]
{(1 + a)^2, (2 + a)^2, 1 + a, 2 + a, 3 + a, 4 + a, -1 + a, -2 + a, 
  2 + 2*a + a^2, 4 + 2*a + a^2, -2 + 2*a + a^2, 2 + a^2, 4 + 3*a + a^2, 
  2 + 4*a + a^2, 6 + 4*a + a^2, 2 + a + a^2, -2 + a^2, a^2, 
  4 + 4*a + 2*a^2 + a^3, -4 + 2*a^2 + a^3, 4 + 4*a + 4*a^2 + a^3, 
  4 + 8*a + 4*a^2 + a^3, a}[[1 + indexpairs]]
{(1 + a)^2, (2 + a)^2, 1 + a, 2 + a, 3 + a, 4 + a, -1 + a, -2 + a, 
  2 + 2*a + a^2, 4 + 2*a + a^2, -2 + 2*a + a^2, 2 + a^2, 4 + 3*a + a^2, 
  2 + 4*a + a^2, 6 + 4*a + a^2, 2 + a + a^2, -2 + a^2, a^2, 
  4 + 4*a + 2*a^2 + a^3, -4 + 2*a^2 + a^3, 4 + 4*a + 4*a^2 + a^3, 
  4 + 8*a + 4*a^2 + a^3, a}[[3540071]]
{(1 + a)^2, (2 + a)^2, 1 + a, 2 + a, 3 + a, 4 + a, -1 + a, -2 + a, 
  2 + 2*a + a^2, 4 + 2*a + a^2, -2 + 2*a + a^2, 2 + a^2, 4 + 3*a + a^2, 
  2 + 4*a + a^2, 6 + 4*a + a^2, 2 + a + a^2, -2 + a^2, a^2, 
  4 + 4*a + 2*a^2 + a^3, -4 + 2*a^2 + a^3, 4 + 4*a + 4*a^2 + a^3, 
  4 + 8*a + 4*a^2 + a^3, a}[[1 + indexpairs]]
{(1 + a)^2, (2 + a)^2, 1 + a, 2 + a, 3 + a, 4 + a, -1 + a, -2 + a, 
  2 + 2*a + a^2, 4 + 2*a + a^2, -2 + 2*a + a^2, 2 + a^2, 4 + 3*a + a^2, 
  2 + 4*a + a^2, 6 + 4*a + a^2, 2 + a + a^2, -2 + a^2, a^2, 
  4 + 4*a + 2*a^2 + a^3, -4 + 2*a^2 + a^3, 4 + 4*a + 4*a^2 + a^3, 
  4 + 8*a + 4*a^2 + a^3, a}[[3540072]]
{(1 + a)^2, (2 + a)^2, 1 + a, 2 + a, 3 + a, 4 + a, -1 + a, -2 + a, 
  2 + 2*a + a^2, 4 + 2*a + a^2, -2 + 2*a + a^2, 2 + a^2, 4 + 3*a + a^2, 
  2 + 4*a + a^2, 6 + 4*a + a^2, 2 + a + a^2, -2 + a^2, a^2, 
  4 + 4*a + 2*a^2 + a^3, -4 + 2*a^2 + a^3, 4 + 4*a + 4*a^2 + a^3, 
  4 + 8*a + 4*a^2 + a^3, a}[[1 + indexpairs]]
{(1 + a)^2, (2 + a)^2, 1 + a, 2 + a, 3 + a, 4 + a, -1 + a, -2 + a, 
  2 + 2*a + a^2, 4 + 2*a + a^2, -2 + 2*a + a^2, 2 + a^2, 4 + 3*a + a^2, 
  2 + 4*a + a^2, 6 + 4*a + a^2, 2 + a + a^2, -2 + a^2, a^2, 
  4 + 4*a + 2*a^2 + a^3, -4 + 2*a^2 + a^3, 4 + 4*a + 4*a^2 + a^3, 
  4 + 8*a + 4*a^2 + a^3, a}[[3540073]]
{(1 + a)^2, (2 + a)^2, 1 + a, 2 + a, 3 + a, 4 + a, -1 + a, -2 + a, 
  2 + 2*a + a^2, 4 + 2*a + a^2, -2 + 2*a + a^2, 2 + a^2, 4 + 3*a + a^2, 
  2 + 4*a + a^2, 6 + 4*a + a^2, 2 + a + a^2, -2 + a^2, a^2, 
  4 + 4*a + 2*a^2 + a^3, -4 + 2*a^2 + a^3, 4 + 4*a + 4*a^2 + a^3, 
  4 + 8*a + 4*a^2 + a^3, a}[[1 + indexpairs]]
{(1 + a)^2, (2 + a)^2, 1 + a, 2 + a, 3 + a, 4 + a, -1 + a, -2 + a, 
  2 + 2*a + a^2, 4 + 2*a + a^2, -2 + 2*a + a^2, 2 + a^2, 4 + 3*a + a^2, 
  2 + 4*a + a^2, 6 + 4*a + a^2, 2 + a + a^2, -2 + a^2, a^2, 
  4 + 4*a + 2*a^2 + a^3, -4 + 2*a^2 + a^3, 4 + 4*a + 4*a^2 + a^3, 
  4 + 8*a + 4*a^2 + a^3, a}[[3540074]]
{(1 + a)^2, (2 + a)^2, 1 + a, 2 + a, 3 + a, 4 + a, -1 + a, -2 + a, 
  2 + 2*a + a^2, 4 + 2*a + a^2, -2 + 2*a + a^2, 2 + a^2, 4 + 3*a + a^2, 
  2 + 4*a + a^2, 6 + 4*a + a^2, 2 + a + a^2, -2 + a^2, a^2, 
  4 + 4*a + 2*a^2 + a^3, -4 + 2*a^2 + a^3, 4 + 4*a + 4*a^2 + a^3, 
  4 + 8*a + 4*a^2 + a^3, a}[[1 + indexpairs]]
{(1 + a)^2, (2 + a)^2, 1 + a, 2 + a, 3 + a, 4 + a, -1 + a, -2 + a, 
  2 + 2*a + a^2, 4 + 2*a + a^2, -2 + 2*a + a^2, 2 + a^2, 4 + 3*a + a^2, 
  2 + 4*a + a^2, 6 + 4*a + a^2, 2 + a + a^2, -2 + a^2, a^2, 
  4 + 4*a + 2*a^2 + a^3, -4 + 2*a^2 + a^3, 4 + 4*a + 4*a^2 + a^3, 
  4 + 8*a + 4*a^2 + a^3, a}[[3540075]]
{(1 + a)^2, (2 + a)^2, 1 + a, 2 + a, 3 + a, 4 + a, -1 + a, -2 + a, 
  2 + 2*a + a^2, 4 + 2*a + a^2, -2 + 2*a + a^2, 2 + a^2, 4 + 3*a + a^2, 
  2 + 4*a + a^2, 6 + 4*a + a^2, 2 + a + a^2, -2 + a^2, a^2, 
  4 + 4*a + 2*a^2 + a^3, -4 + 2*a^2 + a^3, 4 + 4*a + 4*a^2 + a^3, 
  4 + 8*a + 4*a^2 + a^3, a}[[1 + indexpairs]]
{(1 + a)^2, (2 + a)^2, 1 + a, 2 + a, 3 + a, 4 + a, -1 + a, -2 + a, 
  2 + 2*a + a^2, 4 + 2*a + a^2, -2 + 2*a + a^2, 2 + a^2, 4 + 3*a + a^2, 
  2 + 4*a + a^2, 6 + 4*a + a^2, 2 + a + a^2, -2 + a^2, a^2, 
  4 + 4*a + 2*a^2 + a^3, -4 + 2*a^2 + a^3, 4 + 4*a + 4*a^2 + a^3, 
  4 + 8*a + 4*a^2 + a^3, a}[[3540076]]
{(1 + a)^2, (2 + a)^2, 1 + a, 2 + a, 3 + a, 4 + a, -1 + a, -2 + a, 
  2 + 2*a + a^2, 4 + 2*a + a^2, -2 + 2*a + a^2, 2 + a^2, 4 + 3*a + a^2, 
  2 + 4*a + a^2, 6 + 4*a + a^2, 2 + a + a^2, -2 + a^2, a^2, 
  4 + 4*a + 2*a^2 + a^3, -4 + 2*a^2 + a^3, 4 + 4*a + 4*a^2 + a^3, 
  4 + 8*a + 4*a^2 + a^3, a}[[1 + indexpairs]]
{(1 + a)^2, (2 + a)^2, 1 + a, 2 + a, 3 + a, 4 + a, -1 + a, -2 + a, 
  2 + 2*a + a^2, 4 + 2*a + a^2, -2 + 2*a + a^2, 2 + a^2, 4 + 3*a + a^2, 
  2 + 4*a + a^2, 6 + 4*a + a^2, 2 + a + a^2, -2 + a^2, a^2, 
  4 + 4*a + 2*a^2 + a^3, -4 + 2*a^2 + a^3, 4 + 4*a + 4*a^2 + a^3, 
  4 + 8*a + 4*a^2 + a^3, a}[[3540077]]
{(1 + a)^2, (2 + a)^2, 1 + a, 2 + a, 3 + a, 4 + a, -1 + a, -2 + a, 
  2 + 2*a + a^2, 4 + 2*a + a^2, -2 + 2*a + a^2, 2 + a^2, 4 + 3*a + a^2, 
  2 + 4*a + a^2, 6 + 4*a + a^2, 2 + a + a^2, -2 + a^2, a^2, 
  4 + 4*a + 2*a^2 + a^3, -4 + 2*a^2 + a^3, 4 + 4*a + 4*a^2 + a^3, 
  4 + 8*a + 4*a^2 + a^3, a}[[1 + indexpairs]]
{(1 + a)^2, (2 + a)^2, 1 + a, 2 + a, 3 + a, 4 + a, -1 + a, -2 + a, 
  2 + 2*a + a^2, 4 + 2*a + a^2, -2 + 2*a + a^2, 2 + a^2, 4 + 3*a + a^2, 
  2 + 4*a + a^2, 6 + 4*a + a^2, 2 + a + a^2, -2 + a^2, a^2, 
  4 + 4*a + 2*a^2 + a^3, -4 + 2*a^2 + a^3, 4 + 4*a + 4*a^2 + a^3, 
  4 + 8*a + 4*a^2 + a^3, a}[[3540078]]
{(1 + a)^2, (2 + a)^2, 1 + a, 2 + a, 3 + a, 4 + a, -1 + a, -2 + a, 
  2 + 2*a + a^2, 4 + 2*a + a^2, -2 + 2*a + a^2, 2 + a^2, 4 + 3*a + a^2, 
  2 + 4*a + a^2, 6 + 4*a + a^2, 2 + a + a^2, -2 + a^2, a^2, 
  4 + 4*a + 2*a^2 + a^3, -4 + 2*a^2 + a^3, 4 + 4*a + 4*a^2 + a^3, 
  4 + 8*a + 4*a^2 + a^3, a}[[1 + indexpairs]]
{(1 + a)^2, (2 + a)^2, 1 + a, 2 + a, 3 + a, 4 + a, -1 + a, -2 + a, 
  2 + 2*a + a^2, 4 + 2*a + a^2, -2 + 2*a + a^2, 2 + a^2, 4 + 3*a + a^2, 
  2 + 4*a + a^2, 6 + 4*a + a^2, 2 + a + a^2, -2 + a^2, a^2, 
  4 + 4*a + 2*a^2 + a^3, -4 + 2*a^2 + a^3, 4 + 4*a + 4*a^2 + a^3, 
  4 + 8*a + 4*a^2 + a^3, a}[[3540079]]
{(1 + a)^2, (2 + a)^2, 1 + a, 2 + a, 3 + a, 4 + a, -1 + a, -2 + a, 
  2 + 2*a + a^2, 4 + 2*a + a^2, -2 + 2*a + a^2, 2 + a^2, 4 + 3*a + a^2, 
  2 + 4*a + a^2, 6 + 4*a + a^2, 2 + a + a^2, -2 + a^2, a^2, 
  4 + 4*a + 2*a^2 + a^3, -4 + 2*a^2 + a^3, 4 + 4*a + 4*a^2 + a^3, 
  4 + 8*a + 4*a^2 + a^3, a}[[1 + indexpairs]]
{(1 + a)^2, (2 + a)^2, 1 + a, 2 + a, 3 + a, 4 + a, -1 + a, -2 + a, 
  2 + 2*a + a^2, 4 + 2*a + a^2, -2 + 2*a + a^2, 2 + a^2, 4 + 3*a + a^2, 
  2 + 4*a + a^2, 6 + 4*a + a^2, 2 + a + a^2, -2 + a^2, a^2, 
  4 + 4*a + 2*a^2 + a^3, -4 + 2*a^2 + a^3, 4 + 4*a + 4*a^2 + a^3, 
  4 + 8*a + 4*a^2 + a^3, a}[[3540080]]
{(1 + a)^2, (2 + a)^2, 1 + a, 2 + a, 3 + a, 4 + a, -1 + a, -2 + a, 
  2 + 2*a + a^2, 4 + 2*a + a^2, -2 + 2*a + a^2, 2 + a^2, 4 + 3*a + a^2, 
  2 + 4*a + a^2, 6 + 4*a + a^2, 2 + a + a^2, -2 + a^2, a^2, 
  4 + 4*a + 2*a^2 + a^3, -4 + 2*a^2 + a^3, 4 + 4*a + 4*a^2 + a^3, 
  4 + 8*a + 4*a^2 + a^3, a}[[1 + indexpairs]]
{(1 + a)^2, (2 + a)^2, 1 + a, 2 + a, 3 + a, 4 + a, -1 + a, -2 + a, 
  2 + 2*a + a^2, 4 + 2*a + a^2, -2 + 2*a + a^2, 2 + a^2, 4 + 3*a + a^2, 
  2 + 4*a + a^2, 6 + 4*a + a^2, 2 + a + a^2, -2 + a^2, a^2, 
  4 + 4*a + 2*a^2 + a^3, -4 + 2*a^2 + a^3, 4 + 4*a + 4*a^2 + a^3, 
  4 + 8*a + 4*a^2 + a^3, a}[[3540081]]
{(1 + a)^2, (2 + a)^2, 1 + a, 2 + a, 3 + a, 4 + a, -1 + a, -2 + a, 
  2 + 2*a + a^2, 4 + 2*a + a^2, -2 + 2*a + a^2, 2 + a^2, 4 + 3*a + a^2, 
  2 + 4*a + a^2, 6 + 4*a + a^2, 2 + a + a^2, -2 + a^2, a^2, 
  4 + 4*a + 2*a^2 + a^3, -4 + 2*a^2 + a^3, 4 + 4*a + 4*a^2 + a^3, 
  4 + 8*a + 4*a^2 + a^3, a}[[1 + indexpairs]]
{(1 + a)^2, (2 + a)^2, 1 + a, 2 + a, 3 + a, 4 + a, -1 + a, -2 + a, 
  2 + 2*a + a^2, 4 + 2*a + a^2, -2 + 2*a + a^2, 2 + a^2, 4 + 3*a + a^2, 
  2 + 4*a + a^2, 6 + 4*a + a^2, 2 + a + a^2, -2 + a^2, a^2, 
  4 + 4*a + 2*a^2 + a^3, -4 + 2*a^2 + a^3, 4 + 4*a + 4*a^2 + a^3, 
  4 + 8*a + 4*a^2 + a^3, a}[[3540082]]
{(1 + a)^2, (2 + a)^2, 1 + a, 2 + a, 3 + a, 4 + a, -1 + a, -2 + a, 
  2 + 2*a + a^2, 4 + 2*a + a^2, -2 + 2*a + a^2, 2 + a^2, 4 + 3*a + a^2, 
  2 + 4*a + a^2, 6 + 4*a + a^2, 2 + a + a^2, -2 + a^2, a^2, 
  4 + 4*a + 2*a^2 + a^3, -4 + 2*a^2 + a^3, 4 + 4*a + 4*a^2 + a^3, 
  4 + 8*a + 4*a^2 + a^3, a}[[1 + indexpairs]]
{(1 + a)^2, (2 + a)^2, 1 + a, 2 + a, 3 + a, 4 + a, -1 + a, -2 + a, 
  2 + 2*a + a^2, 4 + 2*a + a^2, -2 + 2*a + a^2, 2 + a^2, 4 + 3*a + a^2, 
  2 + 4*a + a^2, 6 + 4*a + a^2, 2 + a + a^2, -2 + a^2, a^2, 
  4 + 4*a + 2*a^2 + a^3, -4 + 2*a^2 + a^3, 4 + 4*a + 4*a^2 + a^3, 
  4 + 8*a + 4*a^2 + a^3, a}[[3540083]]
{(1 + a)^2, (2 + a)^2, 1 + a, 2 + a, 3 + a, 4 + a, -1 + a, -2 + a, 
  2 + 2*a + a^2, 4 + 2*a + a^2, -2 + 2*a + a^2, 2 + a^2, 4 + 3*a + a^2, 
  2 + 4*a + a^2, 6 + 4*a + a^2, 2 + a + a^2, -2 + a^2, a^2, 
  4 + 4*a + 2*a^2 + a^3, -4 + 2*a^2 + a^3, 4 + 4*a + 4*a^2 + a^3, 
  4 + 8*a + 4*a^2 + a^3, a}[[1 + indexpairs]]
{(1 + a)^2, (2 + a)^2, 1 + a, 2 + a, 3 + a, 4 + a, -1 + a, -2 + a, 
  2 + 2*a + a^2, 4 + 2*a + a^2, -2 + 2*a + a^2, 2 + a^2, 4 + 3*a + a^2, 
  2 + 4*a + a^2, 6 + 4*a + a^2, 2 + a + a^2, -2 + a^2, a^2, 
  4 + 4*a + 2*a^2 + a^3, -4 + 2*a^2 + a^3, 4 + 4*a + 4*a^2 + a^3, 
  4 + 8*a + 4*a^2 + a^3, a}[[3540084]]
{(1 + a)^2, (2 + a)^2, 1 + a, 2 + a, 3 + a, 4 + a, -1 + a, -2 + a, 
  2 + 2*a + a^2, 4 + 2*a + a^2, -2 + 2*a + a^2, 2 + a^2, 4 + 3*a + a^2, 
  2 + 4*a + a^2, 6 + 4*a + a^2, 2 + a + a^2, -2 + a^2, a^2, 
  4 + 4*a + 2*a^2 + a^3, -4 + 2*a^2 + a^3, 4 + 4*a + 4*a^2 + a^3, 
  4 + 8*a + 4*a^2 + a^3, a}[[1 + indexpairs]]
{(1 + a)^2, (2 + a)^2, 1 + a, 2 + a, 3 + a, 4 + a, -1 + a, -2 + a, 
  2 + 2*a + a^2, 4 + 2*a + a^2, -2 + 2*a + a^2, 2 + a^2, 4 + 3*a + a^2, 
  2 + 4*a + a^2, 6 + 4*a + a^2, 2 + a + a^2, -2 + a^2, a^2, 
  4 + 4*a + 2*a^2 + a^3, -4 + 2*a^2 + a^3, 4 + 4*a + 4*a^2 + a^3, 
  4 + 8*a + 4*a^2 + a^3, a}[[3540085]]
{(1 + a)^2, (2 + a)^2, 1 + a, 2 + a, 3 + a, 4 + a, -1 + a, -2 + a, 
  2 + 2*a + a^2, 4 + 2*a + a^2, -2 + 2*a + a^2, 2 + a^2, 4 + 3*a + a^2, 
  2 + 4*a + a^2, 6 + 4*a + a^2, 2 + a + a^2, -2 + a^2, a^2, 
  4 + 4*a + 2*a^2 + a^3, -4 + 2*a^2 + a^3, 4 + 4*a + 4*a^2 + a^3, 
  4 + 8*a + 4*a^2 + a^3, a}[[1 + indexpairs]]
{(1 + a)^2, (2 + a)^2, 1 + a, 2 + a, 3 + a, 4 + a, -1 + a, -2 + a, 
  2 + 2*a + a^2, 4 + 2*a + a^2, -2 + 2*a + a^2, 2 + a^2, 4 + 3*a + a^2, 
  2 + 4*a + a^2, 6 + 4*a + a^2, 2 + a + a^2, -2 + a^2, a^2, 
  4 + 4*a + 2*a^2 + a^3, -4 + 2*a^2 + a^3, 4 + 4*a + 4*a^2 + a^3, 
  4 + 8*a + 4*a^2 + a^3, a}[[3540086]]
{(1 + a)^2, (2 + a)^2, 1 + a, 2 + a, 3 + a, 4 + a, -1 + a, -2 + a, 
  2 + 2*a + a^2, 4 + 2*a + a^2, -2 + 2*a + a^2, 2 + a^2, 4 + 3*a + a^2, 
  2 + 4*a + a^2, 6 + 4*a + a^2, 2 + a + a^2, -2 + a^2, a^2, 
  4 + 4*a + 2*a^2 + a^3, -4 + 2*a^2 + a^3, 4 + 4*a + 4*a^2 + a^3, 
  4 + 8*a + 4*a^2 + a^3, a}[[1 + indexpairs]]
{(1 + a)^2, (2 + a)^2, 1 + a, 2 + a, 3 + a, 4 + a, -1 + a, -2 + a, 
  2 + 2*a + a^2, 4 + 2*a + a^2, -2 + 2*a + a^2, 2 + a^2, 4 + 3*a + a^2, 
  2 + 4*a + a^2, 6 + 4*a + a^2, 2 + a + a^2, -2 + a^2, a^2, 
  4 + 4*a + 2*a^2 + a^3, -4 + 2*a^2 + a^3, 4 + 4*a + 4*a^2 + a^3, 
  4 + 8*a + 4*a^2 + a^3, a}[[3540087]]
{(1 + a)^2, (2 + a)^2, 1 + a, 2 + a, 3 + a, 4 + a, -1 + a, -2 + a, 
  2 + 2*a + a^2, 4 + 2*a + a^2, -2 + 2*a + a^2, 2 + a^2, 4 + 3*a + a^2, 
  2 + 4*a + a^2, 6 + 4*a + a^2, 2 + a + a^2, -2 + a^2, a^2, 
  4 + 4*a + 2*a^2 + a^3, -4 + 2*a^2 + a^3, 4 + 4*a + 4*a^2 + a^3, 
  4 + 8*a + 4*a^2 + a^3, a}[[1 + indexpairs]]
{(1 + a)^2, (2 + a)^2, 1 + a, 2 + a, 3 + a, 4 + a, -1 + a, -2 + a, 
  2 + 2*a + a^2, 4 + 2*a + a^2, -2 + 2*a + a^2, 2 + a^2, 4 + 3*a + a^2, 
  2 + 4*a + a^2, 6 + 4*a + a^2, 2 + a + a^2, -2 + a^2, a^2, 
  4 + 4*a + 2*a^2 + a^3, -4 + 2*a^2 + a^3, 4 + 4*a + 4*a^2 + a^3, 
  4 + 8*a + 4*a^2 + a^3, a}[[3540088]]
{(1 + a)^2, (2 + a)^2, 1 + a, 2 + a, 3 + a, 4 + a, -1 + a, -2 + a, 
  2 + 2*a + a^2, 4 + 2*a + a^2, -2 + 2*a + a^2, 2 + a^2, 4 + 3*a + a^2, 
  2 + 4*a + a^2, 6 + 4*a + a^2, 2 + a + a^2, -2 + a^2, a^2, 
  4 + 4*a + 2*a^2 + a^3, -4 + 2*a^2 + a^3, 4 + 4*a + 4*a^2 + a^3, 
  4 + 8*a + 4*a^2 + a^3, a}[[1 + indexpairs]]
{(1 + a)^2, (2 + a)^2, 1 + a, 2 + a, 3 + a, 4 + a, -1 + a, -2 + a, 
  2 + 2*a + a^2, 4 + 2*a + a^2, -2 + 2*a + a^2, 2 + a^2, 4 + 3*a + a^2, 
  2 + 4*a + a^2, 6 + 4*a + a^2, 2 + a + a^2, -2 + a^2, a^2, 
  4 + 4*a + 2*a^2 + a^3, -4 + 2*a^2 + a^3, 4 + 4*a + 4*a^2 + a^3, 
  4 + 8*a + 4*a^2 + a^3, a}[[3540089]]
{(1 + a)^2, (2 + a)^2, 1 + a, 2 + a, 3 + a, 4 + a, -1 + a, -2 + a, 
  2 + 2*a + a^2, 4 + 2*a + a^2, -2 + 2*a + a^2, 2 + a^2, 4 + 3*a + a^2, 
  2 + 4*a + a^2, 6 + 4*a + a^2, 2 + a + a^2, -2 + a^2, a^2, 
  4 + 4*a + 2*a^2 + a^3, -4 + 2*a^2 + a^3, 4 + 4*a + 4*a^2 + a^3, 
  4 + 8*a + 4*a^2 + a^3, a}[[1 + indexpairs]]
{(1 + a)^2, (2 + a)^2, 1 + a, 2 + a, 3 + a, 4 + a, -1 + a, -2 + a, 
  2 + 2*a + a^2, 4 + 2*a + a^2, -2 + 2*a + a^2, 2 + a^2, 4 + 3*a + a^2, 
  2 + 4*a + a^2, 6 + 4*a + a^2, 2 + a + a^2, -2 + a^2, a^2, 
  4 + 4*a + 2*a^2 + a^3, -4 + 2*a^2 + a^3, 4 + 4*a + 4*a^2 + a^3, 
  4 + 8*a + 4*a^2 + a^3, a}[[3540090]]
{(1 + a)^2, (2 + a)^2, 1 + a, 2 + a, 3 + a, 4 + a, -1 + a, -2 + a, 
  2 + 2*a + a^2, 4 + 2*a + a^2, -2 + 2*a + a^2, 2 + a^2, 4 + 3*a + a^2, 
  2 + 4*a + a^2, 6 + 4*a + a^2, 2 + a + a^2, -2 + a^2, a^2, 
  4 + 4*a + 2*a^2 + a^3, -4 + 2*a^2 + a^3, 4 + 4*a + 4*a^2 + a^3, 
  4 + 8*a + 4*a^2 + a^3, a}[[1 + indexpairs]]
{(1 + a)^2, (2 + a)^2, 1 + a, 2 + a, 3 + a, 4 + a, -1 + a, -2 + a, 
  2 + 2*a + a^2, 4 + 2*a + a^2, -2 + 2*a + a^2, 2 + a^2, 4 + 3*a + a^2, 
  2 + 4*a + a^2, 6 + 4*a + a^2, 2 + a + a^2, -2 + a^2, a^2, 
  4 + 4*a + 2*a^2 + a^3, -4 + 2*a^2 + a^3, 4 + 4*a + 4*a^2 + a^3, 
  4 + 8*a + 4*a^2 + a^3, a}[[3540091]]
{(1 + a)^2, (2 + a)^2, 1 + a, 2 + a, 3 + a, 4 + a, -1 + a, -2 + a, 
  2 + 2*a + a^2, 4 + 2*a + a^2, -2 + 2*a + a^2, 2 + a^2, 4 + 3*a + a^2, 
  2 + 4*a + a^2, 6 + 4*a + a^2, 2 + a + a^2, -2 + a^2, a^2, 
  4 + 4*a + 2*a^2 + a^3, -4 + 2*a^2 + a^3, 4 + 4*a + 4*a^2 + a^3, 
  4 + 8*a + 4*a^2 + a^3, a}[[1 + indexpairs]]
{(1 + a)^2, (2 + a)^2, 1 + a, 2 + a, 3 + a, 4 + a, -1 + a, -2 + a, 
  2 + 2*a + a^2, 4 + 2*a + a^2, -2 + 2*a + a^2, 2 + a^2, 4 + 3*a + a^2, 
  2 + 4*a + a^2, 6 + 4*a + a^2, 2 + a + a^2, -2 + a^2, a^2, 
  4 + 4*a + 2*a^2 + a^3, -4 + 2*a^2 + a^3, 4 + 4*a + 4*a^2 + a^3, 
  4 + 8*a + 4*a^2 + a^3, a}[[3540092]]
